Archive member included because of file (symbol)

C:\Users\Hz\git\usb_host_dock\library\usb\libuhs20.a(uhs20_callback.o)
                              ./library/usb/libuhs20_stm32.o (register_usb_kernel_callback)
C:\Users\Hz\git\usb_host_dock\library\usb\libuhs20.a(uhs20_main.o)
                              ./app/main.o (libuhs_class_hub_init)
C:\Users\Hz\git\usb_host_dock\library\usb\libuhs20.a(uhs20_msc.o)
                              C:\Users\Hz\git\usb_host_dock\library\usb\libuhs20.a(uhs20_main.o) (msc_check_state(unsigned char, unsigned char))
C:\Users\Hz\git\usb_host_dock\library\usb\libuhs20.a(uhs20_printer.o)
                              C:\Users\Hz\git\usb_host_dock\library\usb\libuhs20.a(uhs20_main.o) (printer_check_state(unsigned char))
C:\Users\Hz\git\usb_host_dock\library\usb\libuhs20.a(Usb.o)
                              C:\Users\Hz\git\usb_host_dock\library\usb\libuhs20.a(uhs20_main.o) (USB::USB())
C:\Users\Hz\git\usb_host_dock\library\usb\libuhs20.a(masstorage.o)
                              C:\Users\Hz\git\usb_host_dock\library\usb\libuhs20.a(uhs20_msc.o) (BulkOnly::GetCapacity(unsigned char))
C:\Users\Hz\git\usb_host_dock\library\usb\libuhs20.a(message.o)
                              C:\Users\Hz\git\usb_host_dock\library\usb\libuhs20.a(Usb.o) (E_Notifyc(char, int))
C:\Users\Hz\git\usb_host_dock\library\usb\libuhs20.a(parsetools.o)
                              C:\Users\Hz\git\usb_host_dock\library\usb\libuhs20.a(masstorage.o) (MultiByteValueParser::Parse(unsigned char**, unsigned short*))
C:\Users\Hz\git\usb_host_dock\library\usb\libuhs20.a(usbhub.o)
                              C:\Users\Hz\git\usb_host_dock\library\usb\libuhs20.a(uhs20_main.o) (USBHub::USBHub(USB*))
C:\Users\Hz\git\usb_host_dock\library\usb\libuhs20.a(usbprinter.o)
                              C:\Users\Hz\git\usb_host_dock\library\usb\libuhs20.a(uhs20_printer.o) (USBPrinter::USBPrinter(USB*))
C:\Users\Hz\git\usb_host_dock\library\usb\libuhs20.a(uhs20_cdc.o)
                              C:\Users\Hz\git\usb_host_dock\library\usb\libuhs20.a(uhs20_main.o) (cdc_check_state(unsigned char))
C:\Users\Hz\git\usb_host_dock\library\usb\libuhs20.a(cdcftdi.o)
                              C:\Users\Hz\git\usb_host_dock\library\usb\libuhs20.a(uhs20_cdc.o) (FTDI::FTDI(USB*, FTDIAsyncOper*))
c:/yagarto-20121222/bin/../lib/gcc/arm-none-eabi/4.7.2/../../../../arm-none-eabi/lib/thumb/v7m\libstdc++.a(class_type_info.o)
                              C:\Users\Hz\git\usb_host_dock\library\usb\libuhs20.a(Usb.o) (vtable for __cxxabiv1::__class_type_info)
c:/yagarto-20121222/bin/../lib/gcc/arm-none-eabi/4.7.2/../../../../arm-none-eabi/lib/thumb/v7m\libstdc++.a(del_op.o)
                              C:\Users\Hz\git\usb_host_dock\library\usb\libuhs20.a(uhs20_main.o) (operator delete(void*))
c:/yagarto-20121222/bin/../lib/gcc/arm-none-eabi/4.7.2/../../../../arm-none-eabi/lib/thumb/v7m\libstdc++.a(eh_arm.o)
                              C:\Users\Hz\git\usb_host_dock\library\usb\libuhs20.a(uhs20_main.o) (__cxa_end_cleanup)
c:/yagarto-20121222/bin/../lib/gcc/arm-none-eabi/4.7.2/../../../../arm-none-eabi/lib/thumb/v7m\libstdc++.a(eh_exception.o)
                              c:/yagarto-20121222/bin/../lib/gcc/arm-none-eabi/4.7.2/../../../../arm-none-eabi/lib/thumb/v7m\libstdc++.a(eh_arm.o) (typeinfo for __cxxabiv1::__forced_unwind)
c:/yagarto-20121222/bin/../lib/gcc/arm-none-eabi/4.7.2/../../../../arm-none-eabi/lib/thumb/v7m\libstdc++.a(eh_globals.o)
                              c:/yagarto-20121222/bin/../lib/gcc/arm-none-eabi/4.7.2/../../../../arm-none-eabi/lib/thumb/v7m\libstdc++.a(eh_arm.o) (__cxa_get_globals)
c:/yagarto-20121222/bin/../lib/gcc/arm-none-eabi/4.7.2/../../../../arm-none-eabi/lib/thumb/v7m\libstdc++.a(eh_personality.o)
                              C:\Users\Hz\git\usb_host_dock\library\usb\libuhs20.a(uhs20_main.o) (__gxx_personality_v0)
c:/yagarto-20121222/bin/../lib/gcc/arm-none-eabi/4.7.2/../../../../arm-none-eabi/lib/thumb/v7m\libstdc++.a(eh_terminate.o)
                              c:/yagarto-20121222/bin/../lib/gcc/arm-none-eabi/4.7.2/../../../../arm-none-eabi/lib/thumb/v7m\libstdc++.a(eh_arm.o) (std::terminate())
c:/yagarto-20121222/bin/../lib/gcc/arm-none-eabi/4.7.2/../../../../arm-none-eabi/lib/thumb/v7m\libstdc++.a(eh_term_handler.o)
                              c:/yagarto-20121222/bin/../lib/gcc/arm-none-eabi/4.7.2/../../../../arm-none-eabi/lib/thumb/v7m\libstdc++.a(eh_terminate.o) (__cxxabiv1::__terminate_handler)
c:/yagarto-20121222/bin/../lib/gcc/arm-none-eabi/4.7.2/../../../../arm-none-eabi/lib/thumb/v7m\libstdc++.a(eh_unex_handler.o)
                              c:/yagarto-20121222/bin/../lib/gcc/arm-none-eabi/4.7.2/../../../../arm-none-eabi/lib/thumb/v7m\libstdc++.a(eh_terminate.o) (__cxxabiv1::__unexpected_handler)
c:/yagarto-20121222/bin/../lib/gcc/arm-none-eabi/4.7.2/../../../../arm-none-eabi/lib/thumb/v7m\libstdc++.a(new_op.o)
[...]
Memory Configuration

Name             Origin             Length             Attributes
FLASH            0x08000000         0x00040000         xr
RAM              0x20000000         0x00010000         xrw
MEMORY_B1        0x60000000         0x00000000         xr
*default*        0x00000000         0xffffffff

Linker script and memory map

LOAD c:/yagarto-20121222/bin/../lib/gcc/arm-none-eabi/4.7.2/thumb/v7m/crti.o
LOAD c:/yagarto-20121222/bin/../lib/gcc/arm-none-eabi/4.7.2/thumb/v7m/crtbegin.o
LOAD c:/yagarto-20121222/bin/../lib/gcc/arm-none-eabi/4.7.2/../../../../arm-none-eabi/lib/thumb/v7m/crt0.o
LOAD ./library/usb/libuhs20_stm32.o
LOAD ./library/fat_sd/option/ccsbcs.o
LOAD ./library/fat_sd/fattime.o
LOAD ./library/fat_sd/ff.o
LOAD ./library/fat_sd/sd_spi_stm32.o
LOAD ./cmsis/device/startup_stm32f10x_cl.o
LOAD ./cmsis/device/system_stm32f10x.o
LOAD ./cmsis/core/core_cm3.o
LOAD ./cmsis/STM32F10x_StdPeriph_Driver/src/misc.o
LOAD ./cmsis/STM32F10x_StdPeriph_Driver/src/stm32f10x_crc.o
LOAD ./cmsis/STM32F10x_StdPeriph_Driver/src/stm32f10x_dbgmcu.o
LOAD ./cmsis/STM32F10x_StdPeriph_Driver/src/stm32f10x_dma.o
LOAD ./cmsis/STM32F10x_StdPeriph_Driver/src/stm32f10x_exti.o
LOAD ./cmsis/STM32F10x_StdPeriph_Driver/src/stm32f10x_gpio.o
LOAD ./cmsis/STM32F10x_StdPeriph_Driver/src/stm32f10x_i2c.o
LOAD ./cmsis/STM32F10x_StdPeriph_Driver/src/stm32f10x_iwdg.o
LOAD ./cmsis/STM32F10x_StdPeriph_Driver/src/stm32f10x_pwr.o
LOAD ./cmsis/STM32F10x_StdPeriph_Driver/src/stm32f10x_rcc.o
LOAD ./cmsis/STM32F10x_StdPeriph_Driver/src/stm32f10x_rtc.o
LOAD ./cmsis/STM32F10x_StdPeriph_Driver/src/stm32f10x_spi.o
LOAD ./cmsis/STM32F10x_StdPeriph_Driver/src/stm32f10x_tim.o
LOAD ./cmsis/STM32F10x_StdPeriph_Driver/src/stm32f10x_usart.o
LOAD ./cmsis/STM32F10x_StdPeriph_Driver/src/stm32f10x_wwdg.o
LOAD ./bsp/bsp_usb_otg/src/usb_bsp.o
LOAD ./bsp/bsp_usb_otg/src/usb_core.o
LOAD ./bsp/bsp_usb_otg/src/usb_hcd.o
LOAD ./bsp/bsp_usb_otg/src/usb_hcd_int.o
LOAD ./bsp/bsp_usb_otg/src/usbh_hcs.o
LOAD ./bsp/bsp_usb_otg/src/usbh_ioreq.o
LOAD ./bsp/bsp.o
LOAD ./bsp/comm.o
LOAD ./bsp/delay.o
LOAD ./bsp/gpio.o
LOAD ./bsp/rtc.o
LOAD ./bsp/swo_printf.o
LOAD ./bsp/syscalls.o
LOAD ./bsp/tiny_printf.o
LOAD ./app/ff_test_term.o
LOAD ./app/main.o
LOAD ./app/stm32f10x_it.o
LOAD ./app/term_io.o
LOAD C:\Users\Hz\git\usb_host_dock\library\usb\libuhs20.a
LOAD c:/yagarto-20121222/bin/../lib/gcc/arm-none-eabi/4.7.2/../../../../arm-none-eabi/lib/thumb/v7m\libstdc++.a
LOAD c:/yagarto-20121222/bin/../lib/gcc/arm-none-eabi/4.7.2/../../../../arm-none-eabi/lib/thumb/v7m\libm.a
START GROUP
LOAD c:/yagarto-20121222/bin/../lib/gcc/arm-none-eabi/4.7.2/thumb/v7m\libgcc.a
LOAD c:/yagarto-20121222/bin/../lib/gcc/arm-none-eabi/4.7.2/../../../../arm-none-eabi/lib/thumb/v7m\libg.a
LOAD c:/yagarto-20121222/bin/../lib/gcc/arm-none-eabi/4.7.2/../../../../arm-none-eabi/lib/thumb/v7m\libc.a
END GROUP
LOAD c:/yagarto-20121222/bin/../lib/gcc/arm-none-eabi/4.7.2/thumb/v7m/crtend.o
LOAD c:/yagarto-20121222/bin/../lib/gcc/arm-none-eabi/4.7.2/thumb/v7m/crtn.o
                0x20010000                _estack = 0x20010000
                0x00004000                _Min_Heap_Size = 0x4000
                0x00004000                _Min_Stack_Size = 0x4000

.isr_vector     0x08000000      0x1e4
                0x08000000                . = ALIGN (0x4)
 *(.isr_vector)
 .isr_vector    0x08000000      0x1e4 ./cmsis/device/startup_stm32f10x_cl.o
                0x08000000                g_pfnVectors
                0x080001e4                . = ALIGN (0x4)

.text           0x080001e8    0x1dea0
                0x080001e8                . = ALIGN (0x4)
 *(.text)
 .text          0x080001e8        0x0 c:/yagarto-20121222/bin/../lib/gcc/arm-none-eabi/4.7.2/thumb/v7m/crti.o
 .text          0x080001e8       0xb0 c:/yagarto-20121222/bin/../lib/gcc/arm-none-eabi/4.7.2/thumb/v7m/crtbegin.o
 .text          0x08000298       0x70 c:/yagarto-20121222/bin/../lib/gcc/arm-none-eabi/4.7.2/../../../../arm-none-eabi/lib/thumb/v7m/crt0.o
                0x08000298                _start
                0x08000298                start
                0x08000298                _mainCRTStartup
 .text          0x08000308      0x33c ./library/usb/libuhs20_stm32.o
                0x08000308                is_attached
                0x08000314                is_low_speed
                0x08000318                need_second_reset
                0x08000324                get_speed_mode
                0x08000338                get_received_bytes
                0x08000348                get_sof_hits
                0x08000354                get_nak_count
                0x08000368                get_toggle
                0x08000394                set_toggle
                0x080003c8                key_released
                0x080003ca                mouse_activated
                0x080003cc                control_in_transfer
                0x080003f8                in_transfer
                0x08000424                out_transfer
                0x08000448                get_urb_status
                0x08000458                get_pipe_status
                0x08000494                reset_device
                0x080004b0                device_removed
                0x080004d0                device_added
                0x0800054c                device_attached
                0x080005d4                control_out_transfer
                0x0800061c                register_libuhs_callback
 .text          0x08000644       0x64 ./library/fat_sd/option/ccsbcs.o
                0x08000644                ff_convert
                0x08000680                ff_wtoupper
 .text          0x080006a8       0x40 ./library/fat_sd/fattime.o
                0x080006a8                get_fattime
 .text          0x080006e8     0x2674 ./library/fat_sd/ff.o
                0x080009f0                get_fat
                0x08000abe                put_fat
                0x08000ca6                clust2sect
                0x0800132c                gen_numname
                0x08001588                chk_mounted
                0x08001828                f_mount
                0x08001848                f_open
                0x080019bc                f_read
                0x08001b34                f_write
                0x08001ce2                f_sync
                0x08001d8e                f_close
                0x08001d9c                f_lseek
                0x08001efe                f_opendir
                0x08001f70                f_readdir
                0x08001fcc                f_stat
                0x08002014                f_getfree
                0x080020fc                f_truncate
                0x0800218e                f_unlink
                0x08002240                f_mkdir
                0x08002404                f_chmod
                0x0800245c                f_utime
                0x080024b4                f_rename
                0x080025c8                f_mkfs
                0x08002b50                f_gets
                0x08002b94                f_putc
                0x08002bc4                f_puts
                0x08002be8                f_printf
 .text          0x08002d5c      0x7e4 ./library/fat_sd/sd_spi_stm32.o
                0x0800302a                disk_initialize
                0x08003174                disk_status
                0x08003184                disk_read
                0x0800320c                disk_write
                0x080032d4                disk_ioctl
                0x08003500                disk_timerproc
 .text          0x08003540       0x14 ./cmsis/device/startup_stm32f10x_cl.o
 .text          0x08003554      0x20c ./cmsis/device/system_stm32f10x.o
                0x08003554                SystemInit
                0x080036bc                SystemCoreClockUpdate
 .text          0x08003760       0x7a ./cmsis/core/core_cm3.o
                0x08003760                __get_PSP
                0x08003768                __set_PSP
                0x0800376e                __get_MSP
                0x08003776                __set_MSP
                0x0800377c                __get_BASEPRI
                0x08003782                __set_BASEPRI
                0x08003788                __get_PRIMASK
                0x0800378e                __set_PRIMASK
                0x08003794                __get_FAULTMASK
                0x0800379a                __set_FAULTMASK
                0x080037a0                __get_CONTROL
                0x080037a6                __set_CONTROL
                0x080037ac                __REV
                0x080037b0                __REV16
                0x080037b4                __REVSH
                0x080037b8                __RBIT
                0x080037be                __LDREXB
                0x080037c6                __LDREXH
                0x080037ce                __LDREXW
                0x080037d4                __STREXW
 *fill*         0x080037da        0x2 
 .text          0x080037dc       0xc0 ./cmsis/STM32F10x_StdPeriph_Driver/src/misc.o
                0x080037dc                NVIC_PriorityGroupConfig
                0x080037f0                NVIC_Init
                0x08003858                NVIC_SetVectorTable
                0x0800386c                NVIC_SystemLPConfig
                0x08003884                SysTick_CLKSourceConfig
 .text          0x0800389c       0x5c ./cmsis/STM32F10x_StdPeriph_Driver/src/stm32f10x_crc.o
                0x0800389c                CRC_ResetDR
                0x080038a8                CRC_CalcCRC
                0x080038b4                CRC_CalcBlockCRC
                0x080038d4                CRC_GetCRC
                0x080038e0                CRC_SetIDRegister
                0x080038ec                CRC_GetIDRegister
 .text          0x080038f8       0x34 ./cmsis/STM32F10x_StdPeriph_Driver/src/stm32f10x_dbgmcu.o
                0x080038f8                DBGMCU_GetREVID
                0x08003904                DBGMCU_GetDEVID
                0x08003914                DBGMCU_Config
 .text          0x0800392c      0x1e0 ./cmsis/STM32F10x_StdPeriph_Driver/src/stm32f10x_dma.o
                0x0800392c                DMA_DeInit
                0x08003a24                DMA_Init
                0x08003a62                DMA_StructInit
                0x08003a7c                DMA_Cmd
                0x08003a92                DMA_ITConfig
                0x08003aa2                DMA_SetCurrDataCounter
                0x08003aa6                DMA_GetCurrDataCounter
                0x08003aac                DMA_GetFlagStatus
                0x08003ac8                DMA_ClearFlag
                0x08003adc                DMA_GetITStatus
                0x08003af8                DMA_ClearITPendingBit
 .text          0x08003b0c       0xf8 ./cmsis/STM32F10x_StdPeriph_Driver/src/stm32f10x_exti.o
                0x08003b0c                EXTI_DeInit
                0x08003b28                EXTI_Init
                0x08003ba0                EXTI_StructInit
                0x08003bae                EXTI_GenerateSWInterrupt
                0x08003bbc                EXTI_GetFlagStatus
                0x08003bd0                EXTI_ClearFlag
                0x08003bdc                EXTI_GetITStatus
                0x08003bf8                EXTI_ClearITPendingBit
 .text          0x08003c04      0x290 ./cmsis/STM32F10x_StdPeriph_Driver/src/stm32f10x_gpio.o
                0x08003c04                GPIO_DeInit
                0x08003cb0                GPIO_AFIODeInit
                0x08003cc6                GPIO_Init
                0x08003d6e                GPIO_StructInit
                0x08003d7e                GPIO_ReadInputDataBit
                0x08003d8a                GPIO_ReadInputData
                0x08003d90                GPIO_ReadOutputDataBit
                0x08003d9c                GPIO_ReadOutputData
                0x08003da2                GPIO_SetBits
                0x08003da6                GPIO_ResetBits
                0x08003daa                GPIO_WriteBit
                0x08003db4                GPIO_Write
                0x08003db8                GPIO_PinLockConfig
                0x08003dc8                GPIO_EventOutputConfig
                0x08003de4                GPIO_EventOutputCmd
                0x08003df0                GPIO_PinRemapConfig
                0x08003e54                GPIO_EXTILineConfig
                0x08003e88                GPIO_ETH_MediaInterfaceConfig
 .text          0x08003e94      0x3b0 ./cmsis/STM32F10x_StdPeriph_Driver/src/stm32f10x_i2c.o
                0x08003e94                I2C_DeInit
                0x08003ec8                I2C_Init
                0x08003f98                I2C_StructInit
                0x08003fb4                I2C_Cmd
                0x08003fcc                I2C_DMACmd
                0x08003fe4                I2C_DMALastTransferCmd
                0x08003ffc                I2C_GenerateSTART
                0x08004014                I2C_GenerateSTOP
                0x0800402c                I2C_AcknowledgeConfig
                0x08004044                I2C_OwnAddress2Config
                0x08004056                I2C_DualAddressCmd
                0x0800406e                I2C_GeneralCallCmd
                0x08004086                I2C_ITConfig
                0x08004098                I2C_SendData
                0x0800409c                I2C_ReceiveData
                0x080040a2                I2C_Send7bitAddress
                0x080040b2                I2C_ReadRegister
                0x080040ca                I2C_SoftwareResetCmd
                0x080040e2                I2C_NACKPositionConfig
                0x080040fe                I2C_SMBusAlertConfig
                0x0800411a                I2C_TransmitPEC
                0x08004132                I2C_PECPositionConfig
                0x0800414e                I2C_CalculatePEC
                0x08004166                I2C_GetPEC
                0x0800416e                I2C_ARPCmd
                0x08004186                I2C_StretchClockCmd
                0x0800419e                I2C_FastModeDutyCycleConfig
                0x080041ba                I2C_CheckEvent
                0x080041d2                I2C_GetLastEvent
                0x080041e2                I2C_GetFlagStatus
                0x08004216                I2C_ClearFlag
                0x0800421e                I2C_GetITStatus
                0x0800423a                I2C_ClearITPendingBit
 .text          0x08004244       0x58 ./cmsis/STM32F10x_StdPeriph_Driver/src/stm32f10x_iwdg.o
                0x08004244                IWDG_WriteAccessCmd
                0x08004250                IWDG_SetPrescaler
                0x0800425c                IWDG_SetReload
                0x08004268                IWDG_ReloadCounter
                0x08004278                IWDG_Enable
                0x08004288                IWDG_GetFlagStatus
 .text          0x0800429c       0xd0 ./cmsis/STM32F10x_StdPeriph_Driver/src/stm32f10x_pwr.o
                0x0800429c                PWR_DeInit
                0x080042b6                PWR_BackupAccessCmd
                0x080042c0                PWR_PVDCmd
                0x080042cc                PWR_PVDLevelConfig
                0x080042e0                PWR_WakeUpPinCmd
                0x080042ec                PWR_EnterSTOPMode
                0x08004320                PWR_EnterSTANDBYMode
                0x08004348                PWR_GetFlagStatus
                0x0800435c                PWR_ClearFlag
 .text          0x0800436c      0x424 ./cmsis/STM32F10x_StdPeriph_Driver/src/stm32f10x_rcc.o
                0x0800436c                RCC_DeInit
                0x080043b8                RCC_HSEConfig
                0x080043f0                RCC_AdjustHSICalibrationValue
                0x08004404                RCC_HSICmd
                0x08004410                RCC_PLLConfig
                0x08004424                RCC_PLLCmd
                0x08004430                RCC_PREDIV1Config
                0x08004448                RCC_PREDIV2Config
                0x0800445c                RCC_PLL2Config
                0x08004470                RCC_PLL2Cmd
                0x0800447c                RCC_PLL3Config
                0x08004490                RCC_PLL3Cmd
                0x0800449c                RCC_SYSCLKConfig
                0x080044b0                RCC_GetSYSCLKSource
                0x080044c0                RCC_HCLKConfig
                0x080044d4                RCC_PCLK1Config
                0x080044e8                RCC_PCLK2Config
                0x080044fc                RCC_ITConfig
                0x08004514                RCC_OTGFSCLKConfig
                0x08004520                RCC_ADCCLKConfig
                0x08004534                RCC_I2S2CLKConfig
                0x08004540                RCC_I2S3CLKConfig
                0x0800454c                RCC_LSEConfig
                0x0800456c                RCC_LSICmd
                0x08004578                RCC_RTCCLKConfig
                0x08004588                RCC_RTCCLKCmd
                0x08004594                RCC_GetClocksFreq
                0x08004658                RCC_AHBPeriphClockCmd
                0x08004670                RCC_APB2PeriphClockCmd
                0x08004688                RCC_APB1PeriphClockCmd
                0x080046a0                RCC_AHBPeriphResetCmd
                0x080046b8                RCC_APB2PeriphResetCmd
                0x080046d0                RCC_APB1PeriphResetCmd
                0x080046e8                RCC_BackupResetCmd
                0x080046f4                RCC_ClockSecuritySystemCmd
                0x08004700                RCC_MCOConfig
                0x0800470c                RCC_GetFlagStatus
                0x08004734                RCC_WaitForHSEStartUp
                0x08004760                RCC_ClearFlag
                0x08004770                RCC_GetITStatus
                0x08004784                RCC_ClearITPendingBit
 .text          0x08004790      0x174 ./cmsis/STM32F10x_StdPeriph_Driver/src/stm32f10x_rtc.o
                0x08004790                RTC_ITConfig
                0x080047a8                RTC_EnterConfigMode
                0x080047bc                RTC_ExitConfigMode
                0x080047d0                RTC_GetCounter
                0x080047f8                RTC_SetCounter
                0x08004818                RTC_SetPrescaler
                0x08004838                RTC_SetAlarm
                0x08004858                RTC_GetDivider
                0x08004870                RTC_WaitForLastTask
                0x08004884                RTC_WaitForSynchro
                0x080048a4                RTC_GetFlagStatus
                0x080048b8                RTC_ClearFlag
                0x080048cc                RTC_GetITStatus
                0x080048f0                RTC_ClearITPendingBit
 .text          0x08004904      0x318 ./cmsis/STM32F10x_StdPeriph_Driver/src/stm32f10x_spi.o
                0x08004904                SPI_I2S_DeInit
                0x08004968                SPI_Init
                0x080049a6                I2S_Init
                0x08004a98                SPI_StructInit
                0x08004ab0                I2S_StructInit
                0x08004ac2                SPI_Cmd
                0x08004ada                I2S_Cmd
                0x08004af2                SPI_I2S_ITConfig
                0x08004b12                SPI_I2S_DMACmd
                0x08004b24                SPI_I2S_SendData
                0x08004b28                SPI_I2S_ReceiveData
                0x08004b2e                SPI_NSSInternalSoftwareConfig
                0x08004b4c                SPI_SSOutputCmd
                0x08004b64                SPI_DataSizeConfig
                0x08004b7a                SPI_TransmitCRC
                0x08004b86                SPI_CalculateCRC
                0x08004b9e                SPI_GetCRC
                0x08004baa                SPI_GetCRCPolynomial
                0x08004bb0                SPI_BiDirectionalLineConfig
                0x08004bcc                SPI_I2S_GetFlagStatus
                0x08004bd8                SPI_I2S_ClearFlag
                0x08004be0                SPI_I2S_GetITStatus
                0x08004c08                SPI_I2S_ClearITPendingBit
 .text          0x08004c1c      0xc98 ./cmsis/STM32F10x_StdPeriph_Driver/src/stm32f10x_tim.o
                0x08004d00                TIM_DeInit
                0x08004eac                TIM_TimeBaseInit
                0x08004f40                TIM_OC1Init
                0x08004fc8                TIM_OC2Init
                0x08005050                TIM_OC3Init
                0x080050d4                TIM_OC4Init
                0x0800513c                TIM_BDTRConfig
                0x0800515e                TIM_TimeBaseStructInit
                0x08005170                TIM_OCStructInit
                0x08005184                TIM_ICStructInit
                0x08005194                TIM_BDTRStructInit
                0x080051a6                TIM_Cmd
                0x080051be                TIM_CtrlPWMOutputs
                0x080051da                TIM_ITConfig
                0x080051ec                TIM_GenerateEvent
                0x080051f0                TIM_DMAConfig
                0x080051f8                TIM_DMACmd
                0x0800520a                TIM_InternalClockConfig
                0x08005218                TIM_ITRxExternalClockConfig
                0x08005232                TIM_TIxExternalClockConfig
                0x08005264                TIM_ETRConfig
                0x08005278                TIM_ETRClockMode2Config
                0x0800528c                TIM_ETRClockMode1Config
                0x080052a6                TIM_PrescalerConfig
                0x080052ac                TIM_CounterModeConfig
                0x080052bc                TIM_SelectInputTrigger
                0x080052cc                TIM_EncoderInterfaceConfig
                0x08005308                TIM_ForcedOC1Config
                0x08005318                TIM_ForcedOC2Config
                0x0800532c                TIM_ForcedOC3Config
                0x0800533c                TIM_ForcedOC4Config
                0x08005350                TIM_ARRPreloadConfig
                0x08005368                TIM_SelectCOM
                0x08005380                TIM_SelectCCDMA
                0x08005398                TIM_CCPreloadControl
                0x080053b0                TIM_OC1PreloadConfig
                0x080053c0                TIM_OC2PreloadConfig
                0x080053d4                TIM_OC3PreloadConfig
                0x080053e4                TIM_OC4PreloadConfig
                0x080053f8                TIM_OC1FastConfig
                0x08005408                TIM_OC2FastConfig
                0x0800541c                TIM_OC3FastConfig
                0x0800542c                TIM_OC4FastConfig
                0x08005440                TIM_ClearOC1Ref
                0x08005450                TIM_ClearOC2Ref
                0x08005460                TIM_ClearOC3Ref
                0x08005470                TIM_ClearOC4Ref
                0x08005480                TIM_OC1PolarityConfig
                0x08005490                TIM_OC1NPolarityConfig
                0x080054a0                TIM_OC2PolarityConfig
                0x080054b4                TIM_OC2NPolarityConfig
                0x080054c8                TIM_OC3PolarityConfig
                0x080054dc                TIM_OC3NPolarityConfig
                0x080054f0                TIM_OC4PolarityConfig
                0x08005504                TIM_CCxCmd
                0x08005524                TIM_CCxNCmd
                0x08005544                TIM_SelectOCxM
                0x08005588                TIM_UpdateDisableConfig
                0x080055a0                TIM_UpdateRequestConfig
                0x080055b8                TIM_SelectHallSensor
                0x080055d0                TIM_SelectOnePulseMode
                0x080055e6                TIM_SelectOutputTrigger
                0x080055fc                TIM_SelectSlaveMode
                0x08005612                TIM_SelectMasterSlaveMode
                0x08005628                TIM_SetCounter
                0x0800562c                TIM_SetAutoreload
                0x08005630                TIM_SetCompare1
                0x08005634                TIM_SetCompare2
                0x08005638                TIM_SetCompare3
                0x0800563c                TIM_SetCompare4
                0x08005642                TIM_SetIC1Prescaler
                0x08005658                TIM_SetIC2Prescaler
                0x08005672                TIM_PWMIConfig
                0x080056e0                TIM_SetIC3Prescaler
                0x080056f6                TIM_SetIC4Prescaler
                0x08005710                TIM_ICInit
                0x08005844                TIM_SetClockDivision
                0x0800585a                TIM_GetCapture1
                0x08005860                TIM_GetCapture2
                0x08005866                TIM_GetCapture3
                0x0800586c                TIM_GetCapture4
                0x08005874                TIM_GetCounter
                0x0800587a                TIM_GetPrescaler
                0x08005880                TIM_GetFlagStatus
                0x0800588c                TIM_ClearFlag
                0x08005894                TIM_GetITStatus
                0x080058aa                TIM_ClearITPendingBit
 .text          0x080058b4      0x3a0 ./cmsis/STM32F10x_StdPeriph_Driver/src/stm32f10x_usart.o
                0x080058b4                USART_DeInit
                0x0800594c                USART_Init
                0x080059f8                USART_StructInit
                0x08005a0e                USART_ClockInit
                0x08005a2e                USART_ClockStructInit
                0x08005a3a                USART_Cmd
                0x08005a52                USART_ITConfig
                0x08005a84                USART_DMACmd
                0x08005a96                USART_SetAddress
                0x08005aac                USART_WakeUpConfig
                0x08005ac2                USART_ReceiverWakeUpCmd
                0x08005ada                USART_LINBreakDetectLengthConfig
                0x08005af0                USART_LINCmd
                0x08005b08                USART_SendData
                0x08005b10                USART_ReceiveData
                0x08005b18                USART_SendBreak
                0x08005b24                USART_SetGuardTime
                0x08005b36                USART_SetPrescaler
                0x08005b48                USART_SmartCardCmd
                0x08005b60                USART_SmartCardNACKCmd
                0x08005b78                USART_HalfDuplexCmd
                0x08005b90                USART_OverSampling8Cmd
                0x08005ba8                USART_OneBitMethodCmd
                0x08005bc0                USART_IrDAConfig
                0x08005bd6                USART_IrDACmd
                0x08005bee                USART_GetFlagStatus
                0x08005bfa                USART_ClearFlag
                0x08005c02                USART_GetITStatus
                0x08005c42                USART_ClearITPendingBit
 .text          0x08005c54       0x98 ./cmsis/STM32F10x_StdPeriph_Driver/src/stm32f10x_wwdg.o
                0x08005c54                WWDG_DeInit
                0x08005c6e                WWDG_SetPrescaler
                0x08005c80                WWDG_SetWindowValue
                0x08005ca8                WWDG_EnableIT
                0x08005cb4                WWDG_SetCounter
                0x08005cc4                WWDG_Enable
                0x08005cd4                WWDG_GetFlagStatus
                0x08005ce0                WWDG_ClearFlag
 .text          0x08005cec      0x1b8 ./bsp/bsp_usb_otg/src/usb_bsp.o
                0x08005d60                USB_OTG_BSP_Init
                0x08005da8                USB_OTG_BSP_EnableInterrupt
                0x08005dd0                USB_OTG_BSP_DriveVBUS
                0x08005de8                USB_OTG_BSP_uDelay
                0x08005e0c                USB_OTG_BSP_mDelay
                0x08005e30                USB_OTG_BSP_ConfigVBUS
                0x08005e6c                USB_OTG_BSP_TimerIRQ
 .text          0x08005ea4      0x6f0 ./bsp/bsp_usb_otg/src/usb_core.o
                0x08005ef0                USB_OTG_WritePacket
                0x08005f16                USB_OTG_ReadPacket
                0x08005f38                USB_OTG_SelectCore
                0x08005ff8                USB_OTG_CoreInit
                0x08006084                USB_OTG_EnableGlobalInt
                0x08006092                USB_OTG_DisableGlobalInt
                0x080060a0                USB_OTG_FlushTxFifo
                0x080060dc                USB_OTG_FlushRxFifo
                0x08006110                USB_OTG_SetCurrentMode
                0x0800613a                USB_OTG_GetMode
                0x08006144                USB_OTG_IsDeviceMode
                0x08006152                USB_OTG_IsHostMode
                0x0800615c                USB_OTG_ReadCoreItr
                0x08006166                USB_OTG_ReadOtgItr
                0x0800616c                USB_OTG_IsEvenFrame
                0x0800617a                USB_OTG_EnableHostInt
                0x080061bc                USB_OTG_InitFSLSPClkSel
                0x080061c8                USB_OTG_ReadHPRT0
                0x080061d4                USB_OTG_DriveVbus
                0x08006220                USB_OTG_ReadHostAllChannels_intr
                0x08006226                USB_OTG_ResetPort
                0x08006252                USB_OTG_CoreInitHost
                0x080062e6                USB_OTG_HC_Init
                0x080063da                USB_OTG_HC_StartXfer
                0x080064ee                USB_OTG_HC_Halt
                0x08006528                USB_OTG_HC_DoPing
                0x08006550                USB_OTG_StopHost
 .text          0x08006594       0xba ./bsp/bsp_usb_otg/src/usb_hcd.o
                0x08006594                HCD_Init
                0x080065ee                HCD_GetCurrentSpeed
                0x080065fa                HCD_ResetPort
                0x08006604                HCD_IsDeviceConnected
                0x0800660a                HCD_GetCurrentFrame
                0x08006612                HCD_GetURB_State
                0x0800661a                HCD_GetXferCnt
                0x08006622                HCD_GetHCState
                0x0800662a                HCD_HC_Init
                0x08006632                HCD_SubmitRequest
 *fill*         0x0800664e        0x2 
 .text          0x08006650     0x1640 ./bsp/bsp_usb_otg/src/usb_hcd_int.o
                0x08007b7c                USBH_OTG_ISR_Handler
 .text          0x08007c90      0x10e ./bsp/bsp_usb_otg/src/usbh_hcs.o
                0x08007c90                USBH_Open_Channel
                0x08007cf6                USBH_Modify_Channel
                0x08007d36                USBH_Alloc_Channel
                0x08007d68                USBH_Free_Channel
                0x08007d80                USBH_DeAllocate_AllChannel
 .text          0x08007d9e      0x20c ./bsp/bsp_usb_otg/src/usbh_ioreq.o
                0x08007d9e                USBH_CtlReq
                0x08007de6                USBH_CtlSendSetup
                0x08007e0e                USBH_CtlSendData
                0x08007e4a                USBH_CtlReceiveData
                0x08007e70                USBH_BulkSendData
                0x08007ea0                USBH_BulkReceiveData
                0x08007ed0                USBH_InterruptReceiveData
                0x08007f14                USBH_InterruptSendData
                0x08007f58                USBH_IsocReceiveData
                0x08007f82                USBH_IsocSendData
 .text          0x08007faa       0x14 ./bsp/bsp.o
                0x08007faa                BSP_init
                0x08007fbc                __cxa_pure_virtual
 *fill*         0x08007fbe        0x2 
 .text          0x08007fc0      0x1c0 ./bsp/comm.o
                0x08007fc0                comm_test
                0x08007fd8                comm_get
                0x08007ff4                comm_getc
                0x08008024                comm_put
                0x08008044                comm_puts
                0x08008058                comm_init
                0x08008100                __uart_putchar
                0x08008120                GetKey
                0x08008140                USART2_IRQHandler
 .text          0x08008180       0x24 ./bsp/delay.o
                0x08008180                millis
                0x0800818c                delay_tick_calc
                0x0800819c                delay_ms
                0x080081a2                delay_us
 .text          0x080081a4      0x1a0 ./bsp/gpio.o
                0x080081a4                STM_EVAL_LEDInit
                0x080081e0                STM_EVAL_LEDOn
                0x080081fc                STM_EVAL_LEDOff
                0x08008218                STM_EVAL_LEDToggle
                0x08008238                LEDOn
                0x08008254                LEDOff
                0x08008270                LEDToggle
                0x08008290                Button_Init
                0x08008300                GPIO_Configuration
                0x08008334                Button_GetState
 .text          0x08008344      0x2b8 ./bsp/rtc.o
                0x08008418                rtc_gettime
                0x08008488                rtc_settime
                0x08008560                rtc_init
 .text          0x080085fc       0x40 ./bsp/swo_printf.o
                0x080085fc                SWO_PrintChar
                0x08008628                SWO_PrintString
 .text          0x0800863c      0x118 ./bsp/syscalls.o
                0x0800863c                __aeabi_memclr
                0x08008644                _sbrk
                0x08008684                _gettimeofday
                0x08008690                initialise_monitor_handles
                0x08008692                _getpid
                0x08008696                _kill
                0x080086a8                _exit
                0x080086b4                _write
                0x080086ce                _close
                0x080086d4                _fstat
                0x080086de                _isatty
                0x080086e2                _lseek
                0x080086e6                _read
                0x080086ea                _open
                0x080086f4                _wait
                0x08008704                _unlink
                0x08008714                _times
                0x0800871a                _stat
                0x08008724                _link
                0x08008734                _fork
                0x08008744                _execve
 .text          0x08008754      0x218 ./bsp/tiny_printf.o
                0x08008754                ts_itoa
                0x0800878a                ts_formatstring
                0x08008854                ts_formatlength
                0x080088c0                sprintf
                0x080088d8                fprintf
                0x08008924                printf
 .text          0x0800896c      0xca4 ./app/ff_test_term.o
                0x08008a2c                ff_test_term
 .text          0x08009610       0x38 ./app/main.o
                0x08009610                setup
                0x08009638                uhs_init
 .text          0x08009648      0x154 ./app/stm32f10x_it.o
                0x08009648                NMI_Handler
                0x0800964a                HardFault_Handler
                0x0800964c                MemManage_Handler
                0x0800964e                BusFault_Handler
                0x08009650                UsageFault_Handler
                0x08009652                SVC_Handler
                0x08009654                DebugMon_Handler
                0x08009656                PendSV_Handler
                0x08009658                SysTick_Handler
                0x08009698                Default_Handler_c
                0x0800978c                TIM2_IRQHandler
                0x08009790                OTG_FS_IRQHandler
 .text          0x0800979c      0x2c8 ./app/term_io.o
                0x0800979c                xatoi
                0x08009844                xputc
                0x08009868                xputs
                0x0800987c                xitoa
                0x08009908                xprintf
                0x080099be                put_dump
                0x08009a14                get_line
 .text          0x08009a64        0x0 C:\Users\Hz\git\usb_host_dock\library\usb\libuhs20.a(uhs20_callback.o)
 .text          0x08009a64        0x0 C:\Users\Hz\git\usb_host_dock\library\usb\libuhs20.a(uhs20_main.o)
 .text          0x08009a64        0x0 C:\Users\Hz\git\usb_host_dock\library\usb\libuhs20.a(uhs20_msc.o)
 .text          0x08009a64        0x0 C:\Users\Hz\git\usb_host_dock\library\usb\libuhs20.a(uhs20_printer.o)
 .text          0x08009a64        0x0 C:\Users\Hz\git\usb_host_dock\library\usb\libuhs20.a(Usb.o)
 .text          0x08009a64        0x0 C:\Users\Hz\git\usb_host_dock\library\usb\libuhs20.a(masstorage.o)
 .text          0x08009a64        0x0 C:\Users\Hz\git\usb_host_dock\library\usb\libuhs20.a(message.o)
 .text          0x08009a64        0x0 C:\Users\Hz\git\usb_host_dock\library\usb\libuhs20.a(parsetools.o)
 .text          0x08009a64        0x0 C:\Users\Hz\git\usb_host_dock\library\usb\libuhs20.a(usbhub.o)
 .text          0x08009a64        0x0 C:\Users\Hz\git\usb_host_dock\library\usb\libuhs20.a(usbprinter.o)
 .text          0x08009a64        0x0 C:\Users\Hz\git\usb_host_dock\library\usb\libuhs20.a(uhs20_cdc.o)
 .text          0x08009a64        0x0 C:\Users\Hz\git\usb_host_dock\library\usb\libuhs20.a(cdcftdi.o)
 .text          0x08009a64        0x0 c:/yagarto-20121222/bin/../lib/gcc/arm-none-eabi/4.7.2/../../../../arm-none-eabi/lib/thumb/v7m\libstdc++.a(class_type_info.o)
 .text          0x08009a64        0x0 c:/yagarto-20121222/bin/../lib/gcc/arm-none-eabi/4.7.2/../../../../arm-none-eabi/lib/thumb/v7m\libstdc++.a(del_op.o)
 .text          0x08009a64        0x0 c:/yagarto-20121222/bin/../lib/gcc/arm-none-eabi/4.7.2/../../../../arm-none-eabi/lib/thumb/v7m\libstdc++.a(eh_arm.o)
 .text          0x08009a64        0x0 c:/yagarto-20121222/bin/../lib/gcc/arm-none-eabi/4.7.2/../../../../arm-none-eabi/lib/thumb/v7m\libstdc++.a(eh_exception.o)
 .text          0x08009a64        0x0 c:/yagarto-20121222/bin/../lib/gcc/arm-none-eabi/4.7.2/../../../../arm-none-eabi/lib/thumb/v7m\libstdc++.a(eh_globals.o)
 .text          0x08009a64        0x0 c:/yagarto-20121222/bin/../lib/gcc/arm-none-eabi/4.7.2/../../../../arm-none-eabi/lib/thumb/v7m\libstdc++.a(eh_personality.o)
 .text          0x08009a64        0x0 c:/yagarto-20121222/bin/../lib/gcc/arm-none-eabi/4.7.2/../../../../arm-none-eabi/lib/thumb/v7m\libstdc++.a(eh_terminate.o)
 .text          0x08009a64        0x0 c:/yagarto-20121222/bin/../lib/gcc/arm-none-eabi/4.7.2/../../../../arm-none-eabi/lib/thumb/v7m\libstdc++.a(eh_term_handler.o)
 .text          0x08009a64        0x0 c:/yagarto-20121222/bin/../lib/gcc/arm-none-eabi/4.7.2/../../../../arm-none-eabi/lib/thumb/v7m\libstdc++.a(eh_unex_handler.o)
 .text          0x08009a64        0x0 c:/yagarto-20121222/bin/../lib/gcc/arm-none-eabi/4.7.2/../../../../arm-none-eabi/lib/thumb/v7m\libstdc++.a(new_op.o)
 .text          0x08009a64        0x0 c:/yagarto-20121222/bin/../lib/gcc/arm-none-eabi/4.7.2/../../../../arm-none-eabi/lib/thumb/v7m\libstdc++.a(si_class_type_info.o)
 .text          0x08009a64        0x0 c:/yagarto-20121222/bin/../lib/gcc/arm-none-eabi/4.7.2/../../../../arm-none-eabi/lib/thumb/v7m\libstdc++.a(tinfo.o)
 .text          0x08009a64        0x0 c:/yagarto-20121222/bin/../lib/gcc/arm-none-eabi/4.7.2/../../../../arm-none-eabi/lib/thumb/v7m\libstdc++.a(vmi_class_type_info.o)
 .text          0x08009a64        0x0 c:/yagarto-20121222/bin/../lib/gcc/arm-none-eabi/4.7.2/../../../../arm-none-eabi/lib/thumb/v7m\libstdc++.a(vterminate.o)
 .text          0x08009a64        0x0 c:/yagarto-20121222/bin/../lib/gcc/arm-none-eabi/4.7.2/../../../../arm-none-eabi/lib/thumb/v7m\libstdc++.a(bad_alloc.o)
 .text          0x08009a64     0x6898 c:/yagarto-20121222/bin/../lib/gcc/arm-none-eabi/4.7.2/../../../../arm-none-eabi/lib/thumb/v7m\libstdc++.a(cp-demangle.o)
                0x080101d0                __cxa_demangle
                0x080102b4                __gcclibcxx_demangle_callback
 .text          0x080102fc        0x0 c:/yagarto-20121222/bin/../lib/gcc/arm-none-eabi/4.7.2/../../../../arm-none-eabi/lib/thumb/v7m\libstdc++.a(eh_alloc.o)
 .text          0x080102fc        0x0 c:/yagarto-20121222/bin/../lib/gcc/arm-none-eabi/4.7.2/../../../../arm-none-eabi/lib/thumb/v7m\libstdc++.a(eh_call.o)
 .text          0x080102fc        0x0 c:/yagarto-20121222/bin/../lib/gcc/arm-none-eabi/4.7.2/../../../../arm-none-eabi/lib/thumb/v7m\libstdc++.a(eh_catch.o)
 .text          0x080102fc        0x0 c:/yagarto-20121222/bin/../lib/gcc/arm-none-eabi/4.7.2/../../../../arm-none-eabi/lib/thumb/v7m\libstdc++.a(eh_throw.o)
 .text          0x080102fc        0x0 c:/yagarto-20121222/bin/../lib/gcc/arm-none-eabi/4.7.2/../../../../arm-none-eabi/lib/thumb/v7m\libstdc++.a(eh_type.o)
 .text          0x080102fc        0x0 c:/yagarto-20121222/bin/../lib/gcc/arm-none-eabi/4.7.2/../../../../arm-none-eabi/lib/thumb/v7m\libstdc++.a(new_handler.o)
 .text          0x080102fc      0xa20 c:/yagarto-20121222/bin/../lib/gcc/arm-none-eabi/4.7.2/thumb/v7m\libgcc.a(unwind-arm.o)
                0x080105c8                _Unwind_GetCFA
                0x080105cc                __gnu_Unwind_RaiseException
                0x0801062c                __gnu_Unwind_ForcedUnwind
                0x08010644                __gnu_Unwind_Resume
                0x08010688                __gnu_Unwind_Resume_or_Rethrow
                0x080106a0                _Unwind_Complete
                0x080106a4                _Unwind_DeleteException
                0x080106b4                _Unwind_VRS_Get
                0x080106fc                _Unwind_VRS_Set
                0x08010a2c                __aeabi_unwind_cpp_pr2
                0x08010a34                __aeabi_unwind_cpp_pr1
                0x08010a3c                __aeabi_unwind_cpp_pr0
                0x08010a44                __gnu_Unwind_Backtrace
                0x08010ab4                _Unwind_VRS_Pop
 .text          0x08010d1c      0x1ac c:/yagarto-20121222/bin/../lib/gcc/arm-none-eabi/4.7.2/thumb/v7m\libgcc.a(libunwind.o)
                0x08010d1c                __restore_core_regs
                0x08010d1c                restore_core_regs
                0x08010d34                __gnu_Unwind_Restore_VFP
                0x08010d3c                __gnu_Unwind_Save_VFP
                0x08010d44                __gnu_Unwind_Restore_VFP_D
                0x08010d4c                __gnu_Unwind_Save_VFP_D
                0x08010d54                __gnu_Unwind_Restore_VFP_D_16_to_31
                0x08010d5c                __gnu_Unwind_Save_VFP_D_16_to_31
                0x08010d64                __gnu_Unwind_Restore_WMMXD
                0x08010da8                __gnu_Unwind_Save_WMMXD
                0x08010dec                __gnu_Unwind_Restore_WMMXC
                0x08010e00                __gnu_Unwind_Save_WMMXC
                0x08010e14                ___Unwind_RaiseException
                0x08010e14                _Unwind_RaiseException
                0x08010e38                _Unwind_Resume
                0x08010e38                ___Unwind_Resume
                0x08010e5c                _Unwind_Resume_or_Rethrow
                0x08010e5c                ___Unwind_Resume_or_Rethrow
                0x08010e80                _Unwind_ForcedUnwind
                0x08010e80                ___Unwind_ForcedUnwind
                0x08010ea4                ___Unwind_Backtrace
                0x08010ea4                _Unwind_Backtrace
 .text          0x08010ec8      0x3a8 c:/yagarto-20121222/bin/../lib/gcc/arm-none-eabi/4.7.2/thumb/v7m\libgcc.a(pr-support.o)
                0x08010f18                __gnu_unwind_execute
                0x08011214                __gnu_unwind_frame
                0x08011240                _Unwind_GetRegionStart
                0x0801124c                _Unwind_GetLanguageSpecificData
                0x08011260                _Unwind_GetDataRelBase
                0x08011268                _Unwind_GetTextRelBase
 .text          0x08011270       0x10 c:/yagarto-20121222/bin/../lib/gcc/arm-none-eabi/4.7.2/../../../../arm-none-eabi/lib/thumb/v7m\libg.a(lib_a-abort.o)
                0x08011270                abort
 .text          0x08011280        0xc c:/yagarto-20121222/bin/../lib/gcc/arm-none-eabi/4.7.2/../../../../arm-none-eabi/lib/thumb/v7m\libg.a(lib_a-atexit.o)
                0x08011280                atexit
 .text          0x0801128c       0x20 c:/yagarto-20121222/bin/../lib/gcc/arm-none-eabi/4.7.2/../../../../arm-none-eabi/lib/thumb/v7m\libg.a(lib_a-exit.o)
                0x0801128c                exit
 .text          0x080112ac       0x2c c:/yagarto-20121222/bin/../lib/gcc/arm-none-eabi/4.7.2/../../../../arm-none-eabi/lib/thumb/v7m\libg.a(lib_a-fini.o)
                0x080112ac                __libc_fini_array
 .text          0x080112d8       0x4c c:/yagarto-20121222/bin/../lib/gcc/arm-none-eabi/4.7.2/../../../../arm-none-eabi/lib/thumb/v7m\libg.a(lib_a-fputc.o)
                0x080112d8                _fputc_r
                0x080112fc                fputc
 .text          0x08011324       0x64 c:/yagarto-20121222/bin/../lib/gcc/arm-none-eabi/4.7.2/../../../../arm-none-eabi/lib/thumb/v7m\libg.a(lib_a-fputs.o)
                0x08011324                _fputs_r
                0x08011374                fputs
 .text          0x08011388      0x31c c:/yagarto-20121222/bin/../lib/gcc/arm-none-eabi/4.7.2/../../../../arm-none-eabi/lib/thumb/v7m\libg.a(lib_a-fvwrite.o)
                0x08011388                __sfvwrite_r
 .text          0x080116a4       0x88 c:/yagarto-20121222/bin/../lib/gcc/arm-none-eabi/4.7.2/../../../../arm-none-eabi/lib/thumb/v7m\libg.a(lib_a-fwrite.o)
                0x080116a4                _fwrite_r
                0x08011708                fwrite
 .text          0x0801172c        0x0 c:/yagarto-20121222/bin/../lib/gcc/arm-none-eabi/4.7.2/../../../../arm-none-eabi/lib/thumb/v7m\libg.a(lib_a-impure.o)
 .text          0x0801172c       0x50 c:/yagarto-20121222/bin/../lib/gcc/arm-none-eabi/4.7.2/../../../../arm-none-eabi/lib/thumb/v7m\libg.a(lib_a-init.o)
                0x0801172c                __libc_init_array
 .text          0x0801177c       0x20 c:/yagarto-20121222/bin/../lib/gcc/arm-none-eabi/4.7.2/../../../../arm-none-eabi/lib/thumb/v7m\libg.a(lib_a-malloc.o)
                0x0801177c                malloc
                0x0801178c                free
 .text          0x0801179c      0x570 c:/yagarto-20121222/bin/../lib/gcc/arm-none-eabi/4.7.2/../../../../arm-none-eabi/lib/thumb/v7m\libg.a(lib_a-mallocr.o)
                0x0801179c                _malloc_r
 .text          0x08011d0c       0x94 c:/yagarto-20121222/bin/../lib/gcc/arm-none-eabi/4.7.2/../../../../arm-none-eabi/lib/thumb/v7m\libg.a(lib_a-memchr-stub.o)
                0x08011d0c                memchr
 .text          0x08011da0       0x64 c:/yagarto-20121222/bin/../lib/gcc/arm-none-eabi/4.7.2/../../../../arm-none-eabi/lib/thumb/v7m\libg.a(lib_a-memcmp.o)
                0x08011da0                memcmp
 .text          0x08011e04       0x94 c:/yagarto-20121222/bin/../lib/gcc/arm-none-eabi/4.7.2/../../../../arm-none-eabi/lib/thumb/v7m\libg.a(lib_a-memcpy-stub.o)
                0x08011e04                memcpy
 .text          0x08011e98       0xbc c:/yagarto-20121222/bin/../lib/gcc/arm-none-eabi/4.7.2/../../../../arm-none-eabi/lib/thumb/v7m\libg.a(lib_a-memmove.o)
                0x08011e98                memmove
 .text          0x08011f54       0x98 c:/yagarto-20121222/bin/../lib/gcc/arm-none-eabi/4.7.2/../../../../arm-none-eabi/lib/thumb/v7m\libg.a(lib_a-memset.o)
                0x08011f54                memset
 .text          0x08011fec        0x8 c:/yagarto-20121222/bin/../lib/gcc/arm-none-eabi/4.7.2/../../../../arm-none-eabi/lib/thumb/v7m\libg.a(lib_a-mlock.o)
                0x08011fec                __malloc_lock
                0x08011ff0                __malloc_unlock
 .text          0x08011ff4       0xc8 c:/yagarto-20121222/bin/../lib/gcc/arm-none-eabi/4.7.2/../../../../arm-none-eabi/lib/thumb/v7m\libg.a(lib_a-putc.o)
                0x08011ff4                _putc_r
                0x08012054                putc
 .text          0x080120bc       0x74 c:/yagarto-20121222/bin/../lib/gcc/arm-none-eabi/4.7.2/../../../../arm-none-eabi/lib/thumb/v7m\libg.a(lib_a-puts.o)
                0x080120bc                _puts_r
                0x08012120                puts
 .text          0x08012130       0x14 c:/yagarto-20121222/bin/../lib/gcc/arm-none-eabi/4.7.2/../../../../arm-none-eabi/lib/thumb/v7m\libg.a(lib_a-realloc.o)
                0x08012130                realloc
 .text          0x08012144      0x400 c:/yagarto-20121222/bin/../lib/gcc/arm-none-eabi/4.7.2/../../../../arm-none-eabi/lib/thumb/v7m\libg.a(lib_a-reallocr.o)
                0x08012144                _realloc_r
 .text          0x08012544       0xe8 c:/yagarto-20121222/bin/../lib/gcc/arm-none-eabi/4.7.2/../../../../arm-none-eabi/lib/thumb/v7m\libg.a(lib_a-reent.o)
                0x08012544                cleanup_glue
                0x08012560                _reclaim_reent
                0x080125ec                _wrapup_reent
 .text          0x0801262c       0x24 c:/yagarto-20121222/bin/../lib/gcc/arm-none-eabi/4.7.2/../../../../arm-none-eabi/lib/thumb/v7m\libg.a(lib_a-sbrkr.o)
                0x0801262c                _sbrk_r
 .text          0x08012650      0x164 c:/yagarto-20121222/bin/../lib/gcc/arm-none-eabi/4.7.2/../../../../arm-none-eabi/lib/thumb/v7m\libg.a(lib_a-signal.o)
                0x08012650                _init_signal_r
                0x08012688                _signal_r
                0x080126c8                _raise_r
                0x08012720                __sigtramp_r
                0x08012770                raise
                0x08012780                signal
                0x08012794                _init_signal
                0x080127a4                __sigtramp
 .text          0x080127b4       0x2c c:/yagarto-20121222/bin/../lib/gcc/arm-none-eabi/4.7.2/../../../../arm-none-eabi/lib/thumb/v7m\libg.a(lib_a-signalr.o)
                0x080127b4                _kill_r
                0x080127dc                _getpid_r
 .text          0x080127e0      0x100 c:/yagarto-20121222/bin/../lib/gcc/arm-none-eabi/4.7.2/../../../../arm-none-eabi/lib/thumb/v7m\libg.a(lib_a-strchr.o)
                0x080127e0                strchr
 .text          0x080128e0      0x1dc c:/yagarto-20121222/bin/../lib/gcc/arm-none-eabi/4.7.2/../../../../arm-none-eabi/lib/thumb/v7m\libg.a(lib_a-strcmp.o)
                0x080128e0                strcmp
 .text          0x08012abc       0xbc c:/yagarto-20121222/bin/../lib/gcc/arm-none-eabi/4.7.2/../../../../arm-none-eabi/lib/thumb/v7m\libg.a(lib_a-strcpy.o)
                0x08012abc                strcpy
 .text          0x08012b78       0x60 c:/yagarto-20121222/bin/../lib/gcc/arm-none-eabi/4.7.2/../../../../arm-none-eabi/lib/thumb/v7m\libg.a(lib_a-strlen.o)
                0x08012b78                strlen
 .text          0x08012bd8       0xac c:/yagarto-20121222/bin/../lib/gcc/arm-none-eabi/4.7.2/../../../../arm-none-eabi/lib/thumb/v7m\libg.a(lib_a-strncmp.o)
                0x08012bd8                strncmp
 .text          0x08012c84       0xc4 c:/yagarto-20121222/bin/../lib/gcc/arm-none-eabi/4.7.2/../../../../arm-none-eabi/lib/thumb/v7m\libg.a(lib_a-wbuf.o)
                0x08012c84                __swbuf_r
                0x08012d34                __swbuf
 .text          0x08012d48       0xdc c:/yagarto-20121222/bin/../lib/gcc/arm-none-eabi/4.7.2/../../../../arm-none-eabi/lib/thumb/v7m\libg.a(lib_a-wsetup.o)
                0x08012d48                __swsetup_r
 .text          0x08012e24       0xb0 c:/yagarto-20121222/bin/../lib/gcc/arm-none-eabi/4.7.2/../../../../arm-none-eabi/lib/thumb/v7m\libg.a(lib_a-__atexit.o)
                0x08012e24                __register_exitproc
 .text          0x08012ed4       0xd8 c:/yagarto-20121222/bin/../lib/gcc/arm-none-eabi/4.7.2/../../../../arm-none-eabi/lib/thumb/v7m\libg.a(lib_a-__call_atexit.o)
                0x08012ed4                __call_exitprocs
 .text          0x08012fac      0x1b0 c:/yagarto-20121222/bin/../lib/gcc/arm-none-eabi/4.7.2/../../../../arm-none-eabi/lib/thumb/v7m\libg.a(lib_a-fflush.o)
                0x08012fac                __sflush_r
                0x0801310c                _fflush_r
                0x08013138                fflush
 .text          0x0801315c      0x1b8 c:/yagarto-20121222/bin/../lib/gcc/arm-none-eabi/4.7.2/../../../../arm-none-eabi/lib/thumb/v7m\libg.a(lib_a-findfp.o)
                0x08013164                _cleanup_r
                0x080131c0                __sfmoreglue
                0x080131f0                _cleanup
                0x08013200                __sinit
                0x0801324c                __sfp
                0x080132d4                __sfp_lock_acquire
                0x080132d8                __sfp_lock_release
                0x080132dc                __sinit_lock_acquire
                0x080132e0                __sinit_lock_release
                0x080132e4                __fp_lock_all
                0x080132fc                __fp_unlock_all
 .text          0x08013314      0x224 c:/yagarto-20121222/bin/../lib/gcc/arm-none-eabi/4.7.2/../../../../arm-none-eabi/lib/thumb/v7m\libg.a(lib_a-freer.o)
                0x08013314                _malloc_trim_r
                0x080133ac                _free_r
 .text          0x08013538       0x94 c:/yagarto-20121222/bin/../lib/gcc/arm-none-eabi/4.7.2/../../../../arm-none-eabi/lib/thumb/v7m\libg.a(lib_a-fwalk.o)
                0x08013538                _fwalk
                0x08013580                _fwalk_reent
 .text          0x080135cc       0xec c:/yagarto-20121222/bin/../lib/gcc/arm-none-eabi/4.7.2/../../../../arm-none-eabi/lib/thumb/v7m\libg.a(lib_a-makebuf.o)
                0x080135cc                __smakebuf_r
 .text          0x080136b8       0x8c c:/yagarto-20121222/bin/../lib/gcc/arm-none-eabi/4.7.2/../../../../arm-none-eabi/lib/thumb/v7m\libg.a(lib_a-stdio.o)
                0x080136b8                __sread
                0x080136dc                __seofread
                0x080136e0                __swrite
                0x0801371c                __sseek
                0x0801373c                __sclose
 .text          0x08013744       0x28 c:/yagarto-20121222/bin/../lib/gcc/arm-none-eabi/4.7.2/../../../../arm-none-eabi/lib/thumb/v7m\libg.a(lib_a-writer.o)
                0x08013744                _write_r
 .text          0x0801376c       0x24 c:/yagarto-20121222/bin/../lib/gcc/arm-none-eabi/4.7.2/../../../../arm-none-eabi/lib/thumb/v7m\libg.a(lib_a-closer.o)
                0x0801376c                _close_r
 .text          0x08013790       0x98 c:/yagarto-20121222/bin/../lib/gcc/arm-none-eabi/4.7.2/../../../../arm-none-eabi/lib/thumb/v7m\libg.a(lib_a-fclose.o)
                0x08013790                _fclose_r
                0x08013818                fclose
 .text          0x08013828       0x28 c:/yagarto-20121222/bin/../lib/gcc/arm-none-eabi/4.7.2/../../../../arm-none-eabi/lib/thumb/v7m\libg.a(lib_a-fstatr.o)
                0x08013828                _fstat_r
 .text          0x08013850       0x24 c:/yagarto-20121222/bin/../lib/gcc/arm-none-eabi/4.7.2/../../../../arm-none-eabi/lib/thumb/v7m\libg.a(lib_a-isattyr.o)
                0x08013850                _isatty_r
 .text          0x08013874       0x28 c:/yagarto-20121222/bin/../lib/gcc/arm-none-eabi/4.7.2/../../../../arm-none-eabi/lib/thumb/v7m\libg.a(lib_a-lseekr.o)
                0x08013874                _lseek_r
 .text          0x0801389c       0x28 c:/yagarto-20121222/bin/../lib/gcc/arm-none-eabi/4.7.2/../../../../arm-none-eabi/lib/thumb/v7m\libg.a(lib_a-readr.o)
                0x0801389c                _read_r
 *fill*         0x080138c4        0x4 
 .text          0x080138c8      0x278 c:/yagarto-20121222/bin/../lib/gcc/arm-none-eabi/4.7.2/thumb/v7m\libgcc.a(_udivsi3.o)
                0x080138c8                __aeabi_uidiv
                0x080138c8                __udivsi3
                0x08013b24                __aeabi_uidivmod
 .text          0x08013b40        0x4 c:/yagarto-20121222/bin/../lib/gcc/arm-none-eabi/4.7.2/thumb/v7m\libgcc.a(_dvmd_tls.o)
                0x08013b40                __aeabi_idiv0
                0x08013b40                __aeabi_ldiv0
 .text          0x08013b44        0x0 c:/yagarto-20121222/bin/../lib/gcc/arm-none-eabi/4.7.2/thumb/v7m/crtend.o
 .text          0x08013b44        0x0 c:/yagarto-20121222/bin/../lib/gcc/arm-none-eabi/4.7.2/thumb/v7m/crtn.o
 *(.text*)
 .text.Reset_Handler
                0x08013b44       0x50 ./cmsis/device/startup_stm32f10x_cl.o
                0x08013b44                Reset_Handler
 .text.Default_Handler
                0x08013b94       0x12 ./cmsis/device/startup_stm32f10x_cl.o
                0x08013b94                EXTI2_IRQHandler
                0x08013b94                TIM1_CC_IRQHandler
                0x08013b94                TIM6_IRQHandler
                0x08013b94                PVD_IRQHandler
                0x08013b94                CAN2_RX1_IRQHandler
                0x08013b94                EXTI3_IRQHandler
                0x08013b94                EXTI0_IRQHandler
                0x08013b94                I2C2_EV_IRQHandler
                0x08013b94                CAN1_RX0_IRQHandler
                0x08013b94                CAN2_SCE_IRQHandler
                0x08013b94                ADC1_2_IRQHandler
                0x08013b94                SPI1_IRQHandler
                0x08013b94                TAMPER_IRQHandler
                0x08013b94                CAN2_RX0_IRQHandler
                0x08013b94                DMA2_Channel2_IRQHandler
                0x08013b94                DMA1_Channel4_IRQHandler
                0x08013b94                USART3_IRQHandler
                0x08013b94                RTC_IRQHandler
                0x08013b94                DMA1_Channel7_IRQHandler
                0x08013b94                CAN1_RX1_IRQHandler
                0x08013b94                UART5_IRQHandler
                0x08013b94                TIM4_IRQHandler
                0x08013b94                DMA2_Channel1_IRQHandler
                0x08013b94                I2C1_EV_IRQHandler
                0x08013b94                DMA1_Channel6_IRQHandler
                0x08013b94                UART4_IRQHandler
                0x08013b94                DMA2_Channel4_IRQHandler
                0x08013b94                TIM3_IRQHandler
                0x08013b94                RCC_IRQHandler
                0x08013b94                TIM1_TRG_COM_IRQHandler
                0x08013b94                DMA1_Channel1_IRQHandler
                0x08013b94                Default_Handler
                0x08013b94                EXTI15_10_IRQHandler
                0x08013b94                TIM7_IRQHandler
                0x08013b94                CAN2_TX_IRQHandler
                0x08013b94                TIM5_IRQHandler
                0x08013b94                EXTI9_5_IRQHandler
                0x08013b94                ETH_WKUP_IRQHandler
                0x08013b94                SPI2_IRQHandler
                0x08013b94                CAN1_TX_IRQHandler
                0x08013b94                DMA2_Channel5_IRQHandler
                0x08013b94                DMA1_Channel5_IRQHandler
                0x08013b94                EXTI4_IRQHandler
                0x08013b94                DMA1_Channel3_IRQHandler
                0x08013b94                ETH_IRQHandler
                0x08013b94                TIM1_UP_IRQHandler
                0x08013b94                WWDG_IRQHandler
                0x08013b94                OTG_FS_WKUP_IRQHandler
                0x08013b94                TIM1_BRK_IRQHandler
                0x08013b94                EXTI1_IRQHandler
                0x08013b94                RTCAlarm_IRQHandler
                0x08013b94                I2C2_ER_IRQHandler
                0x08013b94                DMA1_Channel2_IRQHandler
                0x08013b94                CAN1_SCE_IRQHandler
                0x08013b94                FLASH_IRQHandler
                0x08013b94                USART1_IRQHandler
                0x08013b94                SPI3_IRQHandler
                0x08013b94                I2C1_ER_IRQHandler
                0x08013b94                DMA2_Channel3_IRQHandler
 .text.startup  0x08013ba6       0x20 ./app/main.o
                0x08013ba6                main
 *fill*         0x08013bc6        0x2 
 .text.register_usb_kernel_callback
                0x08013bc8       0x54 C:\Users\Hz\git\usb_host_dock\library\usb\libuhs20.a(uhs20_callback.o)
                0x08013bc8                register_usb_kernel_callback
 .text.register_system_callback
                0x08013c1c       0x54 C:\Users\Hz\git\usb_host_dock\library\usb\libuhs20.a(uhs20_callback.o)
                0x08013c1c                register_system_callback
 .text.register_usb_class_callback
                0x08013c70       0x54 C:\Users\Hz\git\usb_host_dock\library\usb\libuhs20.a(uhs20_callback.o)
                0x08013c70                register_usb_class_callback
 .text.libuhs_kernel_init
                0x08013cc4       0x1c C:\Users\Hz\git\usb_host_dock\library\usb\libuhs20.a(uhs20_main.o)
                0x08013cc4                libuhs_kernel_init
 .text.libuhs_class_hub_init
                0x08013ce0       0x38 C:\Users\Hz\git\usb_host_dock\library\usb\libuhs20.a(uhs20_main.o)
                0x08013ce0                libuhs_class_hub_init
 .text.libuhs_task
                0x08013d18       0x80 C:\Users\Hz\git\usb_host_dock\library\usb\libuhs20.a(uhs20_main.o)
                0x08013d18                libuhs_task
 .text._ZN7STM32F2I1a1bE4InitEv
                0x08013d98       0x3c C:\Users\Hz\git\usb_host_dock\library\usb\libuhs20.a(uhs20_main.o)
                0x08013d98                STM32F2<a, b>::Init()
 .text._ZN7STM32F2I1a1bE5resetEv
                0x08013dd4       0x18 C:\Users\Hz\git\usb_host_dock\library\usb\libuhs20.a(uhs20_main.o)
                0x08013dd4                STM32F2<a, b>::reset()
 .text._ZN7STM32F2I1a1bE8busprobeEv
                0x08013dec       0x94 C:\Users\Hz\git\usb_host_dock\library\usb\libuhs20.a(uhs20_main.o)
                0x08013dec                STM32F2<a, b>::busprobe()
 .text._Z41__static_initialization_and_destruction_0ii
                0x08013e80       0x30 C:\Users\Hz\git\usb_host_dock\library\usb\libuhs20.a(uhs20_main.o)
 .text._GLOBAL__sub_I_Usb
                0x08013eb0       0x14 C:\Users\Hz\git\usb_host_dock\library\usb\libuhs20.a(uhs20_main.o)
 .text._ZN8BulkOnly10GetbMaxLUNEv
                0x08013ec4       0x1c C:\Users\Hz\git\usb_host_dock\library\usb\libuhs20.a(uhs20_msc.o)
                0x08013ec4                BulkOnly::GetbMaxLUN()
 .text._ZN8BulkOnly14DisablePollingEv
                0x08013ee0       0x20 C:\Users\Hz\git\usb_host_dock\library\usb\libuhs20.a(uhs20_msc.o)
                0x08013ee0                BulkOnly::DisablePolling()
 .text._ZN8BulkOnly13EnablePollingEv
                0x08013f00       0x20 C:\Users\Hz\git\usb_host_dock\library\usb\libuhs20.a(uhs20_msc.o)
                0x08013f00                BulkOnly::EnablePolling()
 .text._Z15msc_check_statehh
                0x08013f20       0xdc C:\Users\Hz\git\usb_host_dock\library\usb\libuhs20.a(uhs20_msc.o)
                0x08013f20                msc_check_state(unsigned char, unsigned char)
 .text._Z16InitClassStoragev
                0x08013ffc       0x78 C:\Users\Hz\git\usb_host_dock\library\usb\libuhs20.a(uhs20_msc.o)
                0x08013ffc                InitClassStorage()
 .text.libuhs_class_msc_init
                0x08014074        0xc C:\Users\Hz\git\usb_host_dock\library\usb\libuhs20.a(uhs20_msc.o)
                0x08014074                libuhs_class_msc_init
 .text.libuhs_class_msc_is_ready
                0x08014080       0x30 C:\Users\Hz\git\usb_host_dock\library\usb\libuhs20.a(uhs20_msc.o)
                0x08014080                libuhs_class_msc_is_ready
 .text.libuhs_class_msc_get_max_lun
                0x080140b0       0x38 C:\Users\Hz\git\usb_host_dock\library\usb\libuhs20.a(uhs20_msc.o)
                0x080140b0                libuhs_class_msc_get_max_lun
 .text.libuhs_class_msc_lun_is_good
                0x080140e8       0x40 C:\Users\Hz\git\usb_host_dock\library\usb\libuhs20.a(uhs20_msc.o)
                0x080140e8                libuhs_class_msc_lun_is_good
 .text.libuhs_class_msc_get_capacity
                0x08014128       0x40 C:\Users\Hz\git\usb_host_dock\library\usb\libuhs20.a(uhs20_msc.o)
                0x08014128                libuhs_class_msc_get_capacity
 .text.libuhs_class_msc_get_sector_size
                0x08014168       0x40 C:\Users\Hz\git\usb_host_dock\library\usb\libuhs20.a(uhs20_msc.o)
                0x08014168                libuhs_class_msc_get_sector_size
 .text.libuhs_class_msc_write_protected
                0x080141a8       0x34 C:\Users\Hz\git\usb_host_dock\library\usb\libuhs20.a(uhs20_msc.o)
                0x080141a8                libuhs_class_msc_write_protected
 .text.libuhs_class_msc_read_data
                0x080141dc       0x44 C:\Users\Hz\git\usb_host_dock\library\usb\libuhs20.a(uhs20_msc.o)
                0x080141dc                libuhs_class_msc_read_data
 .text.libuhs_class_msc_write_data
                0x08014220       0x44 C:\Users\Hz\git\usb_host_dock\library\usb\libuhs20.a(uhs20_msc.o)
                0x08014220                libuhs_class_msc_write_data
 .text.libuhs_class_msc_disable_polling
                0x08014264       0x28 C:\Users\Hz\git\usb_host_dock\library\usb\libuhs20.a(uhs20_msc.o)
                0x08014264                libuhs_class_msc_disable_polling
 .text.libuhs_class_msc_enable_polling
                0x0801428c       0x28 C:\Users\Hz\git\usb_host_dock\library\usb\libuhs20.a(uhs20_msc.o)
                0x0801428c                libuhs_class_msc_enable_polling
 .text._Z19printer_check_stateh
                0x080142b4       0xc4 C:\Users\Hz\git\usb_host_dock\library\usb\libuhs20.a(uhs20_printer.o)
                0x080142b4                printer_check_state(unsigned char)
 .text.libuhs_class_printer_init
                0x08014378       0x48 C:\Users\Hz\git\usb_host_dock\library\usb\libuhs20.a(uhs20_printer.o)
                0x08014378                libuhs_class_printer_init
 .text.libuhs_class_printer_is_ready
                0x080143c0       0x18 C:\Users\Hz\git\usb_host_dock\library\usb\libuhs20.a(uhs20_printer.o)
                0x080143c0                libuhs_class_printer_is_ready
 .text.libuhs_class_printer_send_data
                0x080143d8       0x40 C:\Users\Hz\git\usb_host_dock\library\usb\libuhs20.a(uhs20_printer.o)
                0x080143d8                libuhs_class_printer_send_data
 .text._ZN3USB14GetAddressPoolEv
                0x08014418       0x18 C:\Users\Hz\git\usb_host_dock\library\usb\libuhs20.a(Usb.o)
                0x08014418                USB::GetAddressPool()
 .text._ZN3USBC2Ev
                0x08014430       0x80 C:\Users\Hz\git\usb_host_dock\library\usb\libuhs20.a(Usb.o)
                0x08014430                USB::USB()
                0x08014430                USB::USB()
 .text._ZN3USB4initEv
                0x080144b0       0x1c C:\Users\Hz\git\usb_host_dock\library\usb\libuhs20.a(Usb.o)
                0x080144b0                USB::init()
 .text._ZN3USB15getUsbTaskStateEv
                0x080144cc       0x20 C:\Users\Hz\git\usb_host_dock\library\usb\libuhs20.a(Usb.o)
                0x080144cc                USB::getUsbTaskState()
 .text._ZN3USB15setUsbTaskStateEh
                0x080144ec       0x24 C:\Users\Hz\git\usb_host_dock\library\usb\libuhs20.a(Usb.o)
                0x080144ec                USB::setUsbTaskState(unsigned char)
 .text._ZN3USB14getEpInfoEntryEhh
                0x08014510       0x84 C:\Users\Hz\git\usb_host_dock\library\usb\libuhs20.a(Usb.o)
                0x08014510                USB::getEpInfoEntry(unsigned char, unsigned char)
 .text._ZN3USB14setEpInfoEntryEhhP6EpInfo
                0x08014594       0x5c C:\Users\Hz\git\usb_host_dock\library\usb\libuhs20.a(Usb.o)
                0x08014594                USB::setEpInfoEntry(unsigned char, unsigned char, EpInfo*)
 .text._ZN3USB10SetAddressEhhPP6EpInfoRt
                0x080145f0       0xb4 C:\Users\Hz\git\usb_host_dock\library\usb\libuhs20.a(Usb.o)
                0x080145f0                USB::SetAddress(unsigned char, unsigned char, EpInfo**, unsigned short&)
 .text._ZN3USB7ctrlReqEhhhhhhtttPhP13USBReadParser
                0x080146a4      0x1ac C:\Users\Hz\git\usb_host_dock\library\usb\libuhs20.a(Usb.o)
                0x080146a4                USB::ctrlReq(unsigned char, unsigned char, unsigned char, unsigned char, unsigned char, unsigned char, unsigned short, unsigned short, unsigned short, unsigned char*, USBReadParser*)
 .text._ZN3USB10inTransferEhhPtPh
                0x08014850       0x68 C:\Users\Hz\git\usb_host_dock\library\usb\libuhs20.a(Usb.o)
                0x08014850                USB::inTransfer(unsigned char, unsigned char, unsigned short*, unsigned char*)
 .text._ZN3USB10InTransferEP6EpInfotPtPh
                0x080148b8      0x174 C:\Users\Hz\git\usb_host_dock\library\usb\libuhs20.a(Usb.o)
                0x080148b8                USB::InTransfer(EpInfo*, unsigned short, unsigned short*, unsigned char*)
 .text._ZN3USB11outTransferEhhtPKh
                0x08014a2c       0x60 C:\Users\Hz\git\usb_host_dock\library\usb\libuhs20.a(Usb.o)
                0x08014a2c                USB::outTransfer(unsigned char, unsigned char, unsigned short, unsigned char const*)
 .text._ZN3USB11OutTransferEP6EpInfottPKh
                0x08014a8c      0x374 C:\Users\Hz\git\usb_host_dock\library\usb\libuhs20.a(Usb.o)
                0x08014a8c                USB::OutTransfer(EpInfo*, unsigned short, unsigned short, unsigned char const*)
 .text._ZN3USB11dispatchPktEhhtPhthhh
                0x08014e00      0x238 C:\Users\Hz\git\usb_host_dock\library\usb\libuhs20.a(Usb.o)
                0x08014e00                USB::dispatchPkt(unsigned char, unsigned char, unsigned short, unsigned char*, unsigned short, unsigned char, unsigned char, unsigned char)
 .text._ZN3USB4TaskEv
                0x08015038      0x3ec C:\Users\Hz\git\usb_host_dock\library\usb\libuhs20.a(Usb.o)
                0x08015038                USB::Task()
 .text._ZN3USB17DefaultAddressingEhhb
                0x08015424       0xcc C:\Users\Hz\git\usb_host_dock\library\usb\libuhs20.a(Usb.o)
                0x08015424                USB::DefaultAddressing(unsigned char, unsigned char, bool)
 .text._ZN3USB13AttemptConfigEhhhb
                0x080154f0       0xe8 C:\Users\Hz\git\usb_host_dock\library\usb\libuhs20.a(Usb.o)
                0x080154f0                USB::AttemptConfig(unsigned char, unsigned char, unsigned char, bool)
 .text._ZN3USB11ConfiguringEhhb
                0x080155d8      0x448 C:\Users\Hz\git\usb_host_dock\library\usb\libuhs20.a(Usb.o)
                0x080155d8                USB::Configuring(unsigned char, unsigned char, bool)
 .text._ZN3USB13ReleaseDeviceEh
                0x08015a20       0xcc C:\Users\Hz\git\usb_host_dock\library\usb\libuhs20.a(Usb.o)
                0x08015a20                USB::ReleaseDevice(unsigned char)
 .text._ZN3USB11getDevDescrEhhtPh
                0x08015aec       0x58 C:\Users\Hz\git\usb_host_dock\library\usb\libuhs20.a(Usb.o)
                0x08015aec                USB::getDevDescr(unsigned char, unsigned char, unsigned short, unsigned char*)
 .text._ZN3USB12getConfDescrEhhthPh
                0x08015b44       0x54 C:\Users\Hz\git\usb_host_dock\library\usb\libuhs20.a(Usb.o)
                0x08015b44                USB::getConfDescr(unsigned char, unsigned char, unsigned short, unsigned char, unsigned char*)
 .text._ZN3USB12getConfDescrEhhhP13USBReadParser
                0x08015b98       0xe0 C:\Users\Hz\git\usb_host_dock\library\usb\libuhs20.a(Usb.o)
                0x08015b98                USB::getConfDescr(unsigned char, unsigned char, unsigned char, USBReadParser*)
 .text._ZN3USB11getStrDescrEhhthtPh
                0x08015c78       0x54 C:\Users\Hz\git\usb_host_dock\library\usb\libuhs20.a(Usb.o)
                0x08015c78                USB::getStrDescr(unsigned char, unsigned char, unsigned short, unsigned char, unsigned short, unsigned char*)
 .text._ZN3USB7setAddrEhhh
                0x08015ccc       0x5c C:\Users\Hz\git\usb_host_dock\library\usb\libuhs20.a(Usb.o)
                0x08015ccc                USB::setAddr(unsigned char, unsigned char, unsigned char)
 .text._ZN3USB7setConfEhhh
                0x08015d28       0x5c C:\Users\Hz\git\usb_host_dock\library\usb\libuhs20.a(Usb.o)
                0x08015d28                USB::setConf(unsigned char, unsigned char, unsigned char)
 .text._ZN7STM32F2I1a1bEC2Ev
                0x08015d84       0x18 C:\Users\Hz\git\usb_host_dock\library\usb\libuhs20.a(Usb.o)
                0x08015d84                STM32F2<a, b>::STM32F2()
                0x08015d84                STM32F2<a, b>::STM32F2()
 .text._ZN11AddressPoolC2Ev
                0x08015d9c       0x20 C:\Users\Hz\git\usb_host_dock\library\usb\libuhs20.a(Usb.o)
                0x08015d9c                AddressPool::AddressPool()
                0x08015d9c                AddressPool::AddressPool()
 .text._ZN15AddressPoolImplILh16EEC2Ev
                0x08015dbc       0x78 C:\Users\Hz\git\usb_host_dock\library\usb\libuhs20.a(Usb.o)
                0x08015dbc                AddressPoolImpl<(unsigned char)16>::AddressPoolImpl()
                0x08015dbc                AddressPoolImpl<(unsigned char)16>::AddressPoolImpl()
 .text._ZN15AddressPoolImplILh16EE15GetUsbDevicePtrEh
                0x08015e34       0x54 C:\Users\Hz\git\usb_host_dock\library\usb\libuhs20.a(Usb.o)
                0x08015e34                AddressPoolImpl<(unsigned char)16>::GetUsbDevicePtr(unsigned char)
 .text._Z10D_PrintHexIhEvT_i
                0x08015e88       0x20 C:\Users\Hz\git\usb_host_dock\library\usb\libuhs20.a(Usb.o)
                0x08015e88                void D_PrintHex<unsigned char>(unsigned char, int)
 .text._ZN7STM32F2I1a1bE11toggle_led3Ev
                0x08015ea8       0x18 C:\Users\Hz\git\usb_host_dock\library\usb\libuhs20.a(Usb.o)
                0x08015ea8                STM32F2<a, b>::toggle_led3()
 .text._ZN7STM32F2I1a1bE4TaskEv
                0x08015ec0       0x20 C:\Users\Hz\git\usb_host_dock\library\usb\libuhs20.a(Usb.o)
                0x08015ec0                STM32F2<a, b>::Task()
 .text._ZN7STM32F2I1a1bE12getVbusStateEv
                0x08015ee0       0x20 C:\Users\Hz\git\usb_host_dock\library\usb\libuhs20.a(Usb.o)
                0x08015ee0                STM32F2<a, b>::getVbusState()
 .text._ZN15AddressPoolImplILh16EE12AllocAddressEhbh
                0x08015f00      0x150 C:\Users\Hz\git\usb_host_dock\library\usb\libuhs20.a(Usb.o)
                0x08015f00                AddressPoolImpl<(unsigned char)16>::AllocAddress(unsigned char, bool, unsigned char)
 .text._ZN15AddressPoolImplILh16EE11FreeAddressEh
                0x08016050       0x3c C:\Users\Hz\git\usb_host_dock\library\usb\libuhs20.a(Usb.o)
                0x08016050                AddressPoolImpl<(unsigned char)16>::FreeAddress(unsigned char)
 .text._ZN15AddressPoolImplILh16EE9InitEntryEh
                0x0801608c       0x7c C:\Users\Hz\git\usb_host_dock\library\usb\libuhs20.a(Usb.o)
                0x0801608c                AddressPoolImpl<(unsigned char)16>::InitEntry(unsigned char)
 .text._ZN15AddressPoolImplILh16EE16InitAllAddressesEv
                0x08016108       0x44 C:\Users\Hz\git\usb_host_dock\library\usb\libuhs20.a(Usb.o)
                0x08016108                AddressPoolImpl<(unsigned char)16>::InitAllAddresses()
 .text._ZN15AddressPoolImplILh16EE16FindAddressIndexEh
                0x0801614c       0x5c C:\Users\Hz\git\usb_host_dock\library\usb\libuhs20.a(Usb.o)
                0x0801614c                AddressPoolImpl<(unsigned char)16>::FindAddressIndex(unsigned char)
 .text._Z8PrintHexIhEvT_i
                0x080161a8       0x70 C:\Users\Hz\git\usb_host_dock\library\usb\libuhs20.a(Usb.o)
                0x080161a8                void PrintHex<unsigned char>(unsigned char, int)
 .text._ZN15AddressPoolImplILh16EE18FreeAddressByIndexEh
                0x08016218       0xc8 C:\Users\Hz\git\usb_host_dock\library\usb\libuhs20.a(Usb.o)
                0x08016218                AddressPoolImpl<(unsigned char)16>::FreeAddressByIndex(unsigned char)
 .text._ZN15AddressPoolImplILh16EE14FindChildIndexE16UsbDeviceAddressh
                0x080162e0       0x7c C:\Users\Hz\git\usb_host_dock\library\usb\libuhs20.a(Usb.o)
                0x080162e0                AddressPoolImpl<(unsigned char)16>::FindChildIndex(UsbDeviceAddress, unsigned char)
 .text._ZN15USBDeviceConfig4InitEhhb
                0x0801635c       0x20 C:\Users\Hz\git\usb_host_dock\library\usb\libuhs20.a(masstorage.o)
                0x0801635c                USBDeviceConfig::Init(unsigned char, unsigned char, bool)
 .text._ZN15USBDeviceConfig15ConfigureDeviceEhhb
                0x0801637c       0x20 C:\Users\Hz\git\usb_host_dock\library\usb\libuhs20.a(masstorage.o)
                0x0801637c                USBDeviceConfig::ConfigureDevice(unsigned char, unsigned char, bool)
 .text._ZN15USBDeviceConfig7ReleaseEv
                0x0801639c       0x18 C:\Users\Hz\git\usb_host_dock\library\usb\libuhs20.a(masstorage.o)
                0x0801639c                USBDeviceConfig::Release()
 .text._ZN15USBDeviceConfig4PollEv
                0x080163b4       0x18 C:\Users\Hz\git\usb_host_dock\library\usb\libuhs20.a(masstorage.o)
                0x080163b4                USBDeviceConfig::Poll()
 .text._ZN15USBDeviceConfig10GetAddressEv
                0x080163cc       0x18 C:\Users\Hz\git\usb_host_dock\library\usb\libuhs20.a(masstorage.o)
                0x080163cc                USBDeviceConfig::GetAddress()
 .text._ZN15USBDeviceConfig12ResetHubPortEh
                0x080163e4       0x18 C:\Users\Hz\git\usb_host_dock\library\usb\libuhs20.a(masstorage.o)
                0x080163e4                USBDeviceConfig::ResetHubPort(unsigned char)
 .text._ZN15USBDeviceConfig8VIDPIDOKEtt
                0x080163fc       0x20 C:\Users\Hz\git\usb_host_dock\library\usb\libuhs20.a(masstorage.o)
                0x080163fc                USBDeviceConfig::VIDPIDOK(unsigned short, unsigned short)
 .text._ZN15USBDeviceConfig10DEVCLASSOKEh
                0x0801641c       0x1c C:\Users\Hz\git\usb_host_dock\library\usb\libuhs20.a(masstorage.o)
                0x0801641c                USBDeviceConfig::DEVCLASSOK(unsigned char)
 .text._ZN3USB19RegisterDeviceClassEP15USBDeviceConfig
                0x08016438       0x68 C:\Users\Hz\git\usb_host_dock\library\usb\libuhs20.a(masstorage.o)
                0x08016438                USB::RegisterDeviceClass(USBDeviceConfig*)
 .text._ZN20MultiByteValueParserC2Ev
                0x080164a0       0x30 C:\Users\Hz\git\usb_host_dock\library\usb\libuhs20.a(masstorage.o)
                0x080164a0                MultiByteValueParser::MultiByteValueParser()
                0x080164a0                MultiByteValueParser::MultiByteValueParser()
 .text._ZN20MultiByteValueParser10InitializeEP16MultiValueBuffer
                0x080164d0       0x30 C:\Users\Hz\git\usb_host_dock\library\usb\libuhs20.a(masstorage.o)
                0x080164d0                MultiByteValueParser::Initialize(MultiValueBuffer*)
 .text._ZN11ByteSkipperC2Ev
                0x08016500       0x30 C:\Users\Hz\git\usb_host_dock\library\usb\libuhs20.a(masstorage.o)
                0x08016500                ByteSkipper::ByteSkipper()
                0x08016500                ByteSkipper::ByteSkipper()
 .text._ZN11ByteSkipper10InitializeEP16MultiValueBuffer
                0x08016530       0x28 C:\Users\Hz\git\usb_host_dock\library\usb\libuhs20.a(masstorage.o)
                0x08016530                ByteSkipper::Initialize(MultiValueBuffer*)
 .text._ZN11ByteSkipper4SkipEPPhPtt
                0x08016558       0xa4 C:\Users\Hz\git\usb_host_dock\library\usb\libuhs20.a(masstorage.o)
                0x08016558                ByteSkipper::Skip(unsigned char**, unsigned short*, unsigned short)
 .text._ZN8BulkOnly6OnInitEv
                0x080165fc       0x18 C:\Users\Hz\git\usb_host_dock\library\usb\libuhs20.a(masstorage.o)
                0x080165fc                BulkOnly::OnInit()
 .text._ZN8BulkOnly10GetAddressEv
                0x08016614       0x18 C:\Users\Hz\git\usb_host_dock\library\usb\libuhs20.a(masstorage.o)
                0x08016614                BulkOnly::GetAddress()
 .text._ZN8BulkOnly10DEVCLASSOKEh
                0x0801662c       0x24 C:\Users\Hz\git\usb_host_dock\library\usb\libuhs20.a(masstorage.o)
                0x0801662c                BulkOnly::DEVCLASSOK(unsigned char)
 .text._ZN8BulkOnly11GetCapacityEh
                0x08016650       0x38 C:\Users\Hz\git\usb_host_dock\library\usb\libuhs20.a(masstorage.o)
                0x08016650                BulkOnly::GetCapacity(unsigned char)
 .text._ZN8BulkOnly13GetSectorSizeEh
                0x08016688       0x38 C:\Users\Hz\git\usb_host_dock\library\usb\libuhs20.a(masstorage.o)
                0x08016688                BulkOnly::GetSectorSize(unsigned char)
 .text._ZN8BulkOnly9LUNIsGoodEh
                0x080166c0       0x24 C:\Users\Hz\git\usb_host_dock\library\usb\libuhs20.a(masstorage.o)
                0x080166c0                BulkOnly::LUNIsGood(unsigned char)
 .text._ZN8BulkOnly14WriteProtectedEh
                0x080166e4       0x24 C:\Users\Hz\git\usb_host_dock\library\usb\libuhs20.a(masstorage.o)
                0x080166e4                BulkOnly::WriteProtected(unsigned char)
 .text._ZN8BulkOnly9LockMediaEhh
                0x08016708       0xf8 C:\Users\Hz\git\usb_host_dock\library\usb\libuhs20.a(masstorage.o)
                0x08016708                BulkOnly::LockMedia(unsigned char, unsigned char)
 .text._ZN8BulkOnly8MediaCTLEhh
                0x08016800      0x120 C:\Users\Hz\git\usb_host_dock\library\usb\libuhs20.a(masstorage.o)
                0x08016800                BulkOnly::MediaCTL(unsigned char, unsigned char)
 .text._ZN8BulkOnly4ReadEhmthPh
                0x08016920      0x210 C:\Users\Hz\git\usb_host_dock\library\usb\libuhs20.a(masstorage.o)
                0x08016920                BulkOnly::Read(unsigned char, unsigned long, unsigned short, unsigned char, unsigned char*)
 .text._ZN8BulkOnly5WriteEhmthPh
                0x08016b30      0x228 C:\Users\Hz\git\usb_host_dock\library\usb\libuhs20.a(masstorage.o)
                0x08016b30                BulkOnly::Write(unsigned char, unsigned long, unsigned short, unsigned char, unsigned char*)
 .text._ZN15USBDeviceConfigC2Ev
                0x08016d58       0x20 C:\Users\Hz\git\usb_host_dock\library\usb\libuhs20.a(masstorage.o)
                0x08016d58                USBDeviceConfig::USBDeviceConfig()
                0x08016d58                USBDeviceConfig::USBDeviceConfig()
 .text._ZN17UsbConfigXtracterC2Ev
                0x08016d78       0x20 C:\Users\Hz\git\usb_host_dock\library\usb\libuhs20.a(masstorage.o)
                0x08016d78                UsbConfigXtracter::UsbConfigXtracter()
                0x08016d78                UsbConfigXtracter::UsbConfigXtracter()
 .text._ZN8BulkOnlyC2EP3USB
                0x08016d98       0xa4 C:\Users\Hz\git\usb_host_dock\library\usb\libuhs20.a(masstorage.o)
                0x08016d98                BulkOnly::BulkOnly(USB*)
                0x08016d98                BulkOnly::BulkOnly(USB*)
 .text._ZN8BulkOnly15ConfigureDeviceEhhb
                0x08016e3c      0x194 C:\Users\Hz\git\usb_host_dock\library\usb\libuhs20.a(masstorage.o)
                0x08016e3c                BulkOnly::ConfigureDevice(unsigned char, unsigned char, bool)
 .text._ZN8BulkOnly4InitEhhb
                0x08016fd0      0x644 C:\Users\Hz\git\usb_host_dock\library\usb\libuhs20.a(masstorage.o)
                0x08016fd0                BulkOnly::Init(unsigned char, unsigned char, bool)
 .text._ZN8BulkOnly14EndpointXtractEhhhhPK23USB_ENDPOINT_DESCRIPTOR
                0x08017614       0xe4 C:\Users\Hz\git\usb_host_dock\library\usb\libuhs20.a(masstorage.o)
                0x08017614                BulkOnly::EndpointXtract(unsigned char, unsigned char, unsigned char, unsigned char, USB_ENDPOINT_DESCRIPTOR const*)
 .text._ZThn4_N8BulkOnly14EndpointXtractEhhhhPK23USB_ENDPOINT_DESCRIPTOR
                0x080176f8        0x8 C:\Users\Hz\git\usb_host_dock\library\usb\libuhs20.a(masstorage.o)
                0x080176f8                non-virtual thunk to BulkOnly::EndpointXtract(unsigned char, unsigned char, unsigned char, unsigned char, USB_ENDPOINT_DESCRIPTOR const*)
 .text._ZN8BulkOnly7ReleaseEv
                0x08017700       0x80 C:\Users\Hz\git\usb_host_dock\library\usb\libuhs20.a(masstorage.o)
                0x08017700                BulkOnly::Release()
 .text._ZN8BulkOnly8CheckLUNEh
                0x08017780      0x1c4 C:\Users\Hz\git\usb_host_dock\library\usb\libuhs20.a(masstorage.o)
                0x08017780                BulkOnly::CheckLUN(unsigned char)
 .text._ZN8BulkOnly10CheckMediaEv
                0x08017944       0xac C:\Users\Hz\git\usb_host_dock\library\usb\libuhs20.a(masstorage.o)
                0x08017944                BulkOnly::CheckMedia()
 .text._ZN8BulkOnly4PollEv
                0x080179f0       0x54 C:\Users\Hz\git\usb_host_dock\library\usb\libuhs20.a(masstorage.o)
                0x080179f0                BulkOnly::Poll()
 .text._ZN8BulkOnly9GetMaxLUNEPh
                0x08017a44       0x70 C:\Users\Hz\git\usb_host_dock\library\usb\libuhs20.a(masstorage.o)
                0x08017a44                BulkOnly::GetMaxLUN(unsigned char*)
 .text._ZN8BulkOnly7InquiryEhtPh
                0x08017ab4      0x11c C:\Users\Hz\git\usb_host_dock\library\usb\libuhs20.a(masstorage.o)
                0x08017ab4                BulkOnly::Inquiry(unsigned char, unsigned short, unsigned char*)
 .text._ZN8BulkOnly12RequestSenseEhtPh
                0x08017bd0       0xfc C:\Users\Hz\git\usb_host_dock\library\usb\libuhs20.a(masstorage.o)
                0x08017bd0                BulkOnly::RequestSense(unsigned char, unsigned short, unsigned char*)
 .text._ZN8BulkOnly12ReadCapacityEhtPh
                0x08017ccc      0x100 C:\Users\Hz\git\usb_host_dock\library\usb\libuhs20.a(masstorage.o)
                0x08017ccc                BulkOnly::ReadCapacity(unsigned char, unsigned short, unsigned char*)
 .text._ZN8BulkOnly13TestUnitReadyEh
                0x08017dcc      0x10c C:\Users\Hz\git\usb_host_dock\library\usb\libuhs20.a(masstorage.o)
                0x08017dcc                BulkOnly::TestUnitReady(unsigned char)
 .text._ZN8BulkOnly6Page3FEh
                0x08017ed8      0x120 C:\Users\Hz\git\usb_host_dock\library\usb\libuhs20.a(masstorage.o)
                0x08017ed8                BulkOnly::Page3F(unsigned char)
 .text._ZN8BulkOnly11ClearEpHaltEh
                0x08017ff8      0x168 C:\Users\Hz\git\usb_host_dock\library\usb\libuhs20.a(masstorage.o)
                0x08017ff8                BulkOnly::ClearEpHalt(unsigned char)
 .text._ZN8BulkOnly5ResetEv
                0x08018160       0x7c C:\Users\Hz\git\usb_host_dock\library\usb\libuhs20.a(masstorage.o)
                0x08018160                BulkOnly::Reset()
 .text._ZN8BulkOnly13ResetRecoveryEv
                0x080181dc       0xa4 C:\Users\Hz\git\usb_host_dock\library\usb\libuhs20.a(masstorage.o)
                0x080181dc                BulkOnly::ResetRecovery()
 .text._ZN8BulkOnly10ClearAllEPEv
                0x08018280      0x160 C:\Users\Hz\git\usb_host_dock\library\usb\libuhs20.a(masstorage.o)
                0x08018280                BulkOnly::ClearAllEP()
 .text._ZN8BulkOnly10IsValidCSWEP20CommandStatusWrapperP23CommandBlockWrapperBase
                0x080183e0       0x64 C:\Users\Hz\git\usb_host_dock\library\usb\libuhs20.a(masstorage.o)
                0x080183e0                BulkOnly::IsValidCSW(CommandStatusWrapper*, CommandBlockWrapperBase*)
 .text._ZN8BulkOnly14HandleUsbErrorEhh
                0x08018444      0x170 C:\Users\Hz\git\usb_host_dock\library\usb\libuhs20.a(masstorage.o)
                0x08018444                BulkOnly::HandleUsbError(unsigned char, unsigned char)
 .text._ZN8BulkOnly11TransactionEP19CommandBlockWrappertPvh
                0x080185b4      0x390 C:\Users\Hz\git\usb_host_dock\library\usb\libuhs20.a(masstorage.o)
                0x080185b4                BulkOnly::Transaction(CommandBlockWrapper*, unsigned short, void*, unsigned char)
 .text._ZN8BulkOnly9ModeSenseEhhhhhPh
                0x08018944      0x110 C:\Users\Hz\git\usb_host_dock\library\usb\libuhs20.a(masstorage.o)
                0x08018944                BulkOnly::ModeSense(unsigned char, unsigned char, unsigned char, unsigned char, unsigned char, unsigned char*)
 .text._ZN8BulkOnly9SetCurLUNEh
                0x08018a54       0x38 C:\Users\Hz\git\usb_host_dock\library\usb\libuhs20.a(masstorage.o)
                0x08018a54                BulkOnly::SetCurLUN(unsigned char)
 .text._ZN8BulkOnly15HandleSCSIErrorEh
                0x08018a8c      0x1e0 C:\Users\Hz\git\usb_host_dock\library\usb\libuhs20.a(masstorage.o)
                0x08018a8c                BulkOnly::HandleSCSIError(unsigned char)
 .text._ZN8BulkOnly23PrintEndpointDescriptorEPK23USB_ENDPOINT_DESCRIPTOR
                0x08018c6c       0xe8 C:\Users\Hz\git\usb_host_dock\library\usb\libuhs20.a(masstorage.o)
                0x08018c6c                BulkOnly::PrintEndpointDescriptor(USB_ENDPOINT_DESCRIPTOR const*)
 .text._ZN8BulkOnly4ReadEhmthP13USBReadParser
                0x08018d54       0x38 C:\Users\Hz\git\usb_host_dock\library\usb\libuhs20.a(masstorage.o)
                0x08018d54                BulkOnly::Read(unsigned char, unsigned long, unsigned short, unsigned char, USBReadParser*)
 .text._Z10D_PrintHexImEvT_i
                0x08018d8c       0x1c C:\Users\Hz\git\usb_host_dock\library\usb\libuhs20.a(masstorage.o)
                0x08018d8c                void D_PrintHex<unsigned long>(unsigned long, int)
 .text._Z10D_PrintHexItEvT_i
                0x08018da8       0x20 C:\Users\Hz\git\usb_host_dock\library\usb\libuhs20.a(masstorage.o)
                0x08018da8                void D_PrintHex<unsigned short>(unsigned short, int)
 .text._ZN13USBReadParserC2Ev
                0x08018dc8       0x20 C:\Users\Hz\git\usb_host_dock\library\usb\libuhs20.a(masstorage.o)
                0x08018dc8                USBReadParser::USBReadParser()
                0x08018dc8                USBReadParser::USBReadParser()
 .text._ZN16ConfigDescParserILh8ELh6ELh80ELh7EEC2EP17UsbConfigXtracter
                0x08018de8       0x98 C:\Users\Hz\git\usb_host_dock\library\usb\libuhs20.a(masstorage.o)
                0x08018de8                ConfigDescParser<(unsigned char)8, (unsigned char)6, (unsigned char)80, (unsigned char)7>::ConfigDescParser(UsbConfigXtracter*)
                0x08018de8                ConfigDescParser<(unsigned char)8, (unsigned char)6, (unsigned char)80, (unsigned char)7>::ConfigDescParser(UsbConfigXtracter*)
 .text._Z12ErrorMessageIhEvPKcT_
                0x08018e80       0x4c C:\Users\Hz\git\usb_host_dock\library\usb\libuhs20.a(masstorage.o)
                0x08018e80                void ErrorMessage<unsigned char>(char const*, unsigned char)
 .text._Z12ErrorMessageImEvPKcT_
                0x08018ecc       0x48 C:\Users\Hz\git\usb_host_dock\library\usb\libuhs20.a(masstorage.o)
                0x08018ecc                void ErrorMessage<unsigned long>(char const*, unsigned long)
 .text._Z8PrintHexImEvT_i
                0x08018f14       0x70 C:\Users\Hz\git\usb_host_dock\library\usb\libuhs20.a(masstorage.o)
                0x08018f14                void PrintHex<unsigned long>(unsigned long, int)
 .text._Z8PrintHexItEvT_i
                0x08018f84       0x70 C:\Users\Hz\git\usb_host_dock\library\usb\libuhs20.a(masstorage.o)
                0x08018f84                void PrintHex<unsigned short>(unsigned short, int)
 .text._ZN16ConfigDescParserILh8ELh6ELh80ELh7EE5ParseEtPKhRKt
                0x08018ff4       0x58 C:\Users\Hz\git\usb_host_dock\library\usb\libuhs20.a(masstorage.o)
                0x08018ff4                ConfigDescParser<(unsigned char)8, (unsigned char)6, (unsigned char)80, (unsigned char)7>::Parse(unsigned short, unsigned char const*, unsigned short const&)
 .text._ZN16ConfigDescParserILh8ELh6ELh80ELh7EE15ParseDescriptorEPPhPt
                0x0801904c      0x324 C:\Users\Hz\git\usb_host_dock\library\usb\libuhs20.a(masstorage.o)
                0x0801904c                ConfigDescParser<(unsigned char)8, (unsigned char)6, (unsigned char)80, (unsigned char)7>::ParseDescriptor(unsigned char**, unsigned short*)
 .text._Z9E_Notifycci
                0x08019370       0x44 C:\Users\Hz\git\usb_host_dock\library\usb\libuhs20.a(message.o)
                0x08019370                E_Notifyc(char, int)
 .text._Z8E_NotifyPKci
                0x080193b4       0x48 C:\Users\Hz\git\usb_host_dock\library\usb\libuhs20.a(message.o)
                0x080193b4                E_Notify(char const*, int)
 .text._Z11E_NotifyStrPKci